p.exw
pw.exe
ok.ico
ptick.ico
pcross.ico
copyright.txt
fortune.exw
Fortunes.txt
readme.txt
p.fmt
p32.exu
p64.exu
pe32.fmt
p2asm.e
pbinary.e
pcore.e
pdebug.e
pdemo.exw
peama.ew
pemit.e
pEmit2.e
perror.ew
pgets0.ew
pglobals.e
pgui.exw
phixzip.bat
phixzip.exw
ppw.bat
pilasm.e
pilx86.e
plist.e
pltype.e
pmain.e
pmsgs.e
pops.e
profile.e
psched.e
psym.e
pth.exw
ptok.e
pttree.e
Listdir.bat
Listdir.reg

bench\bench.exw
bench\Big_e
bench\euex.exw
bench\num_e.txt
bench\Big_e\big_e.ex
bench\Big_e\num_e.txt
bench\cf\cfibic.bat
bench\cf\cfibif.bat
bench\cf\cfibrc.bat
bench\cf\cfibrf.bat
bench\cf\chwf.bat
bench\cf\fibi.exw
bench\cf\fibic.c
bench\cf\fibic.exe
bench\cf\fibif.asm
bench\cf\fibr.exw
bench\cf\fibrc.c
bench\cf\fibrc.exe
bench\cf\fibrf.asm
bench\cf\hwf.asm
bench\cf\libtcc1.a
bench\cf\macro.inc
bench\cf\msvcrt.def
bench\cf\stddef.h
bench\cf\stdio.h
bench\cf\tcc.exe
bench\cf\_mingw.h
bench\shootout\Ackermann.ex
bench\shootout\bench.ex
bench\shootout\binary-trees.ex
bench\shootout\CHANGES.txt
bench\shootout\fannkuch.ex
bench\shootout\fasta.ex
bench\shootout\harmonic.ex
bench\shootout\mandelbrot.ex
bench\shootout\nbody.ex
bench\shootout\nbody2.ex
bench\shootout\nbody3.ex
bench\shootout\nsieve.ex
bench\shootout\partial-sums.ex
bench\shootout\random.ex
bench\shootout\readme.txt
bench\shootout\reverse-complement.ex
bench\shootout\reverse-complement2.ex
bench\shootout\startup.ex
bench\shootout\sumfile.ex
bench\shootout\sumfile.txt
bench\shootout\takfp.ex
bench\shootout\wc.ex
bench\shootout\wcinput.txt

builtins\assert.e
builtins\base64.e
builtins\bigatom.e
builtins\bigint.e
builtins\bsearch.e
builtins\bzstream.e
builtins\bz32.dll
builtins\bz64.dll
builtins\cffi.e
builtins\cffi.2.4.e
builtins\complex.e
builtins\database.e
builtins\dict.e
builtins\dll.e
builtins\factorial.e
builtins\file.e
builtins\find.e
builtins\findrepl.e
builtins\gcd.e
builtins\get.e
builtins\get_interpreter.e
builtins\get_routine_info.e
builtins\graphics.e
builtins\hasdel.e
builtins\hll_stubs.e
builtins\image.e
builtins\ipc.e
builtins\isatty.e
builtins\json.e
builtins\ldap.e
builtins\libcurl.e
builtins\LIBCURL.32.SK.DLL
builtins\LIBCURL.64.SK.DLL
builtins\librsvg.e
builtins\LiteUnZip.dll
builtins\LiteZip.dll
builtins\LiteZip.e
builtins\log10.e
builtins\machine.e
builtins\map.e
builtins\match.e
builtins\matchrepl.e
builtins\misc.e
builtins\mouse.e
builtins\mpfr.e
builtins\msgbox.e
builtins\nopoll.e
builtins\ordinal.e
builtins\pAlloc.e
builtins\panykey.e
builtins\pApply.e
builtins\pbreak.e
builtins\pcase.e
builtins\pchdir.e
builtins\pcmdln.e
builtins\pcolumn.e
builtins\pComN.ew
builtins\pcrash.e
builtins\pCrashN.e
builtins\pcurrdir.e
builtins\pdate.e
builtins\pdates.e
builtins\pdecodeflags.e
builtins\pdelete.e
builtins\pdir.e
builtins\pgetpath.e
builtins\peekns.e
builtins\peekstr.e
builtins\pelapsed.e
builtins\penv.e
builtins\permute.e
builtins\pextract.e
builtins\pfactors.e
builtins\pfindany.e
builtins\pfile.e
builtins\pfileio.e
builtins\fileopenN.ew
builtins\pFilter.e
builtins\pfindall.e
builtins\pflatten.e
builtins\pfloat.e
builtins\pfrac.e
builtins\pGUI.e
builtins\pincpathN.e
builtins\pipeio.e
builtins\pmach.e
builtins\pmaths.e
builtins\pmt.e
builtins\pokestr.e
builtins\porall.e
builtins\ppoke2.e
builtins\ppp.e
builtins\pprntf.e
builtins\pqueue.e
builtins\premoveall.e
builtins\pretty.e
builtins\primes.e
builtins\prnd.e
builtins\progress.e
builtins\prtnid.e
builtins\pscreen.e
builtins\pScrollN.e
builtins\pseqc.e
builtins\pseries.e
builtins\psmall.e
builtins\psplit.e
builtins\pSQLite.e
builtins\psqop.e
builtins\psum.e
builtins\ptagset.e
builtins\ptrim.e
builtins\ptypes.e
builtins\punique.e
builtins\puts1h.e
builtins\pvlookup.e
builtins\read_file.e
builtins\read_lines.e
builtins\reflections.e
builtins\regex.e
builtins\repeat.e
builtins\ripemd160.e
builtins\safe.e
builtins\scanf.e
builtins\serialize.e
builtins\sets.e
builtins\sha256.e
builtins\shift_bits.e
builtins\shuffle.e
builtins\sockets.e
builtins\sort.e
builtins\substitute.e
builtins\structs.e
builtins\syswait.ew
builtins\text.e
builtins\timedate.e
builtins\timestamp.ew
builtins\to_int.e
builtins\to_str.e
builtins\tok.e
builtins\ubits.e
builtins\unicode.e
builtins\unicode_console.e
builtins\unit_test.e
builtins\utfconv.e
builtins\vslice.e
builtins\wildcard.e
builtins\write_file.e
builtins\WINCONST.EW
builtins\xml.e

builtins\VM\optable.e
builtins\VM\puts1.e
builtins\VM\pHeap.e
builtins\VM\pStack.e
builtins\VM\pFEH.e
builtins\VM\pFPU.e
builtins\VM\pUnassigned.e
builtins\VM\pDiagN.e
builtins\VM\pTrace.e
builtins\VM\pProfile.e
builtins\VM\pDeleteN.e
builtins\VM\pApnd.e
builtins\VM\pcallfunc.e
builtins\VM\cbhand.e
builtins\VM\pcfunc.e
builtins\VM\pfileioN.e
builtins\VM\pFixup.e
builtins\VM\pJcc.e
builtins\VM\pJnotx.e
builtins\VM\pLen.e
builtins\VM\pMath.e
builtins\VM\pMem.e
builtins\VM\pMemChk.e
builtins\VM\pPower.e
builtins\VM\pprntfN.e
builtins\VM\pRepeatN.e
builtins\VM\pRepeN.e
builtins\VM\pRepsN.e
builtins\VM\pRmdr.e
builtins\VM\pSubseN.e
builtins\VM\pSubssN.e
builtins\VM\pTask.e
builtins\VM\pThreadN.e
builtins\VM\pType.e
builtins\VM\pUnary.e
builtins\VM\pXor.e
builtins\VM\pcmdlnN.e
builtins\VM\pFloatN.e
builtins\VM\pInstance.e
builtins\VM\pMkSqN.e
builtins\VM\pRand.e
builtins\VM\prtnidN.e
builtins\VM\pSleep.e
builtins\VM\pTime.e
builtins\VM\pTrig.e

demo\align.exw
demo\allsorts.exw
demo\ascii.exw
demo\asmtime.exw
demo\best.exw
demo\box.exw
demo\capture_console.exw
demo\cbr.exw
demo\cbtest.exw
demo\child.ex
demo\CircularBuffer.exw
demo\color.exw
demo\colourmatch.exw
demo\columns.exw
demo\combo.exw
demo\cpuid.exw
demo\cursor.exw
demo\db01.exw
demo\dirc.exw
demo\dos.exw
demo\eicar.exw
demo\enumfont.exw
demo\enumproc.exw
demo\filesort.exw
demo\flvmerge.exw
demo\goto.exw
demo\hangman.exw
demo\hd.exw
demo\HelloUTF8.exw
demo\ilest.exw
demo\ipcdemo.exw
demo\key.exw
demo\lnklst.exw
demo\ltpack.exw
demo\mandle.exw
demo\mergesort.exw
demo\msgbox.exw
demo\named_pipes.exw
demo\permutes.exw
demo\pewe.exw
demo\pi.exw
demo\rdtsc.exw
demo\regex_bc.exw
demo\regex_dfa.exw
demo\nfa.e
demo\dfa.e
demo\sanity.exw
demo\SciFiPlotCreator.exw
demo\scroll.exw
demo\showdate.exw
demo\sieve.exw
demo\tagsort.exw
demo\takeuchi.exw
demo\taskwire.exw
demo\test9.exw
demo\unixdict.txt
demo\window.exw
demo\winwire.exw

demo\arwen\arwen.ew
demo\arwen\axtra.ew
demo\arwen\classes.ew
demo\arwen\Constants.ew
demo\arwen\dib256.ew
demo\arwen\dll_links.ew
demo\arwen\message_box.ew
demo\arwen\misc_arwen.e
demo\arwen\Quick_Allocations.ew
demo\arwen\structures.ew
demo\arwen\imagelists.ew
demo\arwen\pFreg.ew

demo\Arwen32dibdemo\arwen.ew
demo\Arwen32dibdemo\demo.bmp
demo\Arwen32dibdemo\demo2.bmp
demo\Arwen32dibdemo\demo_cube.exw
demo\Arwen32dibdemo\feedback.exw
demo\Arwen32dibdemo\files.txt
demo\Arwen32dibdemo\history.htm
demo\Arwen32dibdemo\manip.exw
demo\Arwen32dibdemo\polydib.exw
demo\Arwen32dibdemo\scaledib.exw
demo\Arwen32dibdemo\scrnshot.exw
demo\Arwen32dibdemo\shadepol.exw
demo\Arwen32dibdemo\tiledib.exw
demo\Arwen32dibdemo\a32dclip.ew
demo\Arwen32dibdemo\a32dcolr.ew
demo\Arwen32dibdemo\a32dcore.ew
demo\Arwen32dibdemo\a32dfltr.ew
demo\Arwen32dibdemo\a32dgeom.ew
demo\Arwen32dibdemo\a32dpoly.ew
demo\Arwen32dibdemo\arwen32dib.ew
demo\Arwen32dibdemo\arwen32dib.htm

demo\arwendemo\arwen.ew
demo\arwendemo\ball.exw
demo\arwendemo\boids3d.exw
demo\arwendemo\boids3d.e
demo\arwendemo\boxes.exw
demo\arwendemo\bug003.exw
demo\arwendemo\clip.exw
demo\arwendemo\demo_controls.exw
demo\arwendemo\demo_curve_fit.bmp
demo\arwendemo\demo_curve_fit.exw
demo\arwendemo\demo_idle.exw
demo\arwendemo\demo_lbfc.exw
demo\arwendemo\demo_lines.exw
demo\arwendemo\demo_lists.exw
demo\arwendemo\demo_listview.exw
demo\arwendemo\demo_memo.exw
demo\arwendemo\demo_menus.exw
demo\arwendemo\demo_menus_od.exw
demo\arwendemo\demo_minmax.exw
demo\arwendemo\demo_msgtraps.exw
demo\arwendemo\demo_progress.exw
demo\arwendemo\demo_resizing.exw
demo\arwendemo\demo_sysmenu.exw
demo\arwendemo\demo_tabs.exw
demo\arwendemo\demo_timer.exw
demo\arwendemo\demo_title.exw
demo\arwendemo\demo_toolbar.bmp
demo\arwendemo\demo_toolbar.exw
demo\arwendemo\demo_treeview.exw
demo\arwendemo\demo_viewer.exw
demo\arwendemo\demo_vtext.exw
demo\arwendemo\demo_wirecube.exw
demo\arwendemo\demo_xpm.exw
demo\arwendemo\dib32.ew
demo\arwendemo\dpnchit01.exw
demo\arwendemo\dpnchit02.exw
demo\arwendemo\dpnchit03.exw
demo\arwendemo\dpnchit04.exw
demo\arwendemo\filedump.exw
demo\arwendemo\filedumpN.exw
demo\arwendemo\FlatToolBar.exw
demo\arwendemo\generica.exw
demo\arwendemo\grable.exw
demo\arwendemo\GraphR.exw
demo\arwendemo\greg.exw
demo\arwendemo\hotkey.exw
demo\arwendemo\life.exw
demo\arwendemo\lightbulb.ico
demo\arwendemo\mandel.exw
demo\arwendemo\mmsd.exw
demo\arwendemo\Poly.exw
demo\arwendemo\resize.exw
demo\arwendemo\scowel.exw
demo\arwendemo\scratchg.exw
demo\arwendemo\scroller.exw
demo\arwendemo\TBAR_XPM.E
demo\arwendemo\test.exw
demo\arwendemo\tooltip.exw
demo\arwendemo\viewa.exw
demo\arwendemo\Wstyles.exw

demo\arwendemo\pgui\pgdb.ew
demo\arwendemo\pgui\pgdemo.ew
demo\arwendemo\pgui\pglicence.ew
demo\arwendemo\pgui\pgsetup.ew

demo\arwenpcomdemo\fileopen.exw
demo\arwenpcomdemo\eucom.ew

demo\DemoResources\CLSDFOLD.ICO
demo\DemoResources\DISK05.ICO
demo\DemoResources\DISK06.ICO
demo\DemoResources\DISKS04.ICO
demo\DemoResources\HAND.BMP
demo\DemoResources\HAPPY.BMP
demo\DemoResources\ICON01.ICO
demo\DemoResources\ICON02.ICO
demo\DemoResources\ICON03.ICO
demo\DemoResources\ICON04.ICO
demo\DemoResources\ICON05.ICO
demo\DemoResources\OPENFOLD.ICO
demo\DemoResources\PILCROW.ICO

demo\edita\95.ICO
demo\edita\eacons.exw
demo\edita\eaini.e
demo\edita\ealtest.exw
demo\edita\eama.ew
demo\edita\eamacro.ew
demo\edita\eamenus.ew
demo\edita\eawpaint.exw
demo\edita\edita.exw
demo\edita\ini.e
demo\edita\pFinet.ew
demo\edita\pFlist.ew
demo\edita\pFreg.ew
demo\edita\pFsm.ew
demo\edita\pFTP.bmp
demo\edita\pFTP.exw
demo\edita\welcome.txt
demo\edita\readme.txt
demo\edita\tedb.exw
demo\edita\vedb.exw
demo\edita\bitmaps\eatools.bmp
demo\edita\help\Phix.txt
demo\edita\lang\elng_DEU.txt
demo\edita\lang\elng_ENA.txt
demo\edita\lang\elng_ENC.txt
demo\edita\lang\elng_ENG.exh
demo\edita\lang\elng_ENG.txt
demo\edita\lang\elng_ENI.txt
demo\edita\lang\elng_ENU.txt
demo\edita\lang\elng_ENZ.txt
demo\edita\lang\elng_ESN.txt
demo\edita\lang\elng_ESO.txt
demo\edita\lang\elng_FIN.txt
demo\edita\lang\elng_FRA.txt
demo\edita\lang\elng_ITA.txt
demo\edita\lang\elng_NLD.txt
demo\edita\lang\elng_PTG.txt
demo\edita\lang\locales.txt
demo\edita\src\arconst.e
demo\edita\src\dbval.e
demo\edita\src\eabind.ew
demo\edita\src\eacca.e
demo\edita\src\eacflow.e
demo\edita\src\eaclip.ew
demo\edita\src\eacolor.ew
demo\edita\src\eacomp.ew
demo\edita\src\eacons.ew
demo\edita\src\eadadj.e
demo\edita\src\eadir.ew
demo\edita\src\eaedb.e
demo\edita\src\eaerr.e
demo\edita\src\eaerr.exw
demo\edita\src\eaerror.ew
demo\edita\src\eafext.ew
demo\edita\src\eafif.ew
demo\edita\src\eafind.ew
demo\edita\src\eafonts.ew
demo\edita\src\eaisense.ew
demo\edita\src\eamarea.ew
demo\edita\src\eamisc.e
demo\edita\src\eamncode.e
demo\edita\src\eaopts.ew
demo\edita\src\eaplan9.e
demo\edita\src\eaqj.ew
demo\edita\src\earein.ew
demo\edita\src\eareinh.ew
demo\edita\src\eascan.e
demo\edita\src\easinst.ew
demo\edita\src\easynclr.e
demo\edita\src\easynclr2.e
demo\edita\src\easynld.e
demo\edita\src\eatabl.e
demo\edita\src\eatabs.e
demo\edita\src\eaundo.ew
demo\edita\src\eauto.e
demo\edita\src\eaxlate.e
demo\edita\src\eaxutil.ew
demo\edita\syn\bat.clr
demo\edita\syn\bat.syn
demo\edita\syn\C.clr
demo\edita\syn\C.syn
demo\edita\syn\Delphi.syn
demo\edita\syn\Euphoria.clr
demo\edita\syn\Euphoria.syn
demo\edita\syn\FASM.clr
demo\edita\syn\FASM.syn
demo\edita\syn\Html.clr
demo\edita\syn\Html.syn
demo\edita\syn\Java.syn
demo\edita\syn\js.syn
demo\edita\syn\None.clr
demo\edita\syn\None.syn
demo\edita\syn\perl.clr
demo\edita\syn\perl.syn
demo\edita\syn\Python.clr
demo\edita\syn\Python.syn
demo\edita\syn\Ruby.clr
demo\edita\syn\Ruby.syn
demo\edita\syn\SQL.clr
demo\edita\syn\SQL.syn

demo\edix\edix.exw
demo\edix\plade.exw
demo\edix\help\Phix.txt
demo\edix\icons\95.ICO
demo\edix\icons\95.png
demo\edix\icons\96.ico
demo\edix\icons\96.png
demo\edix\icons\ActionBind.png
demo\edix\icons\ActionRun.png
demo\edix\icons\application.png
demo\edix\icons\AppUpgrade.png
demo\edix\icons\binocular-small.png
demo\edix\icons\Colours.png
demo\edix\icons\CommonCode.png
demo\edix\icons\Compare.png
demo\edix\icons\Crash.png
demo\edix\icons\DatabaseVerify.png
demo\edix\icons\DatabaseViewer.png
demo\edix\icons\Designer.png
demo\edix\icons\DialogLayout.png
demo\edix\icons\DirComp.png
demo\edix\icons\DisplayOpt.png
demo\edix\icons\document-tree.png
demo\edix\icons\EditCopy.png
demo\edix\icons\EditCopya.png
demo\edix\icons\EditCopyp.png
demo\edix\icons\EditCut.png
demo\edix\icons\EditCuta.png
demo\edix\icons\EditCutp.png
demo\edix\icons\EditDelete.png
demo\edix\icons\EditErase.png
demo\edix\icons\EditFind.png
demo\edix\icons\EditGoto.png
demo\edix\icons\EditInfo.png
demo\edix\icons\EditNextCS.png
demo\edix\icons\EditOpt.png
demo\edix\icons\EditPaste.png
demo\edix\icons\EditPrevCS.png
demo\edix\icons\EditRedo.png
demo\edix\icons\EditSelectAll.png
demo\edix\icons\EditUndo.png
demo\edix\icons\error.png
demo\edix\icons\ExtOpt.png
demo\edix\icons\File.png
demo\edix\icons\FileClose.png
demo\edix\icons\FileExit.png
demo\edix\icons\FileList.png
demo\edix\icons\FileNew.png
demo\edix\icons\FileOpen.png
demo\edix\icons\FilePreview.png
demo\edix\icons\FilePrint.png
demo\edix\icons\FileRecent.png
demo\edix\icons\FileReOpen.png
demo\edix\icons\FileSave.png
demo\edix\icons\FileSaved.png
demo\edix\icons\FileSaveAs.png
demo\edix\icons\FindInFiles.png
demo\edix\icons\FindNext.png
demo\edix\icons\FindPrev.png
demo\edix\icons\Fonts.png
demo\edix\icons\Help.png
demo\edix\icons\HelpAbout.png
demo\edix\icons\HelpCHM.png
demo\edix\icons\HelpHome.png
demo\edix\icons\HelpPhixCHM.png
demo\edix\icons\KeyboardOpt.png
demo\edix\icons\MacroClap.png
demo\edix\icons\MacroPlay.png
demo\edix\icons\MacroRecord.png
demo\edix\icons\MessageInfo.png
demo\edix\icons\PanelOff.png
demo\edix\icons\PanelOn.png
demo\edix\icons\Pback.png
demo\edix\icons\pilcrow.png
demo\edix\icons\plade_backgroundbox.png
demo\edix\icons\plade_button.png
demo\edix\icons\plade_calendar.png
demo\edix\icons\plade_canvas.png
demo\edix\icons\plade_cbox.png
demo\edix\icons\plade_cells.png
demo\edix\icons\plade_check.png
demo\edix\icons\plade_containers.png
demo\edix\icons\plade_date_picker.png
demo\edix\icons\plade_detach.png
demo\edix\icons\plade_dial.png
demo\edix\icons\plade_elements.png
demo\edix\icons\plade_expand.png
demo\edix\icons\plade_fill.png
demo\edix\icons\plade_flatbutton.png
demo\edix\icons\plade_frame.png
demo\edix\icons\plade_grid.png
demo\edix\icons\plade_hbox.png
demo\edix\icons\plade_image.png
demo\edix\icons\plade_label.png
demo\edix\icons\plade_link.png
demo\edix\icons\plade_list.png
demo\edix\icons\plade_matrix.png
demo\edix\icons\plade_menu.png
demo\edix\icons\plade_menuitem.png
demo\edix\icons\plade_no_entry.png
demo\edix\icons\plade_normal.png
demo\edix\icons\plade_plot.png
demo\edix\icons\plade_progress.png
demo\edix\icons\plade_radio.png
demo\edix\icons\plade_resize.png
demo\edix\icons\plade_scroll.png
demo\edix\icons\plade_sep.png
demo\edix\icons\plade_slider.png
demo\edix\icons\plade_spin.png
demo\edix\icons\plade_split.png
demo\edix\icons\plade_submenu.png
demo\edix\icons\plade_tabs.png
demo\edix\icons\plade_text.png
demo\edix\icons\plade_textm.png
demo\edix\icons\plade_trash.png
demo\edix\icons\plade_trash0.png
demo\edix\icons\plade_tree.png
demo\edix\icons\plade_vbox.png
demo\edix\icons\plade_zbox.png
demo\edix\icons\Ptick.png
demo\edix\icons\QuickJump.png
demo\edix\icons\Recovery.png
demo\edix\icons\Reindent.png
demo\edix\icons\ToolParamRun.png
demo\edix\icons\ToolRun.png
demo\edix\icons\ToolsHtmlise.png
demo\edix\icons\UserGroup.png
demo\edix\icons\ZoomIn.png
demo\edix\icons\ZoomOut.png
demo\edix\icons\ZoomReset.png
demo\edix\src\auto.e
demo\edix\src\cflow.e
demo\edix\src\compare.e
demo\edix\src\dateadj.e
demo\edix\src\dbval.e
demo\edix\src\dir.e
demo\edix\src\eaedb.e
demo\edix\src\ext.e
demo\edix\src\fif.e
demo\edix\src\filelist.e
demo\edix\src\find.e
demo\edix\src\goto.e
demo\edix\src\htmlise.e
demo\edix\src\keyboard.e
demo\edix\src\macro.e
demo\edix\src\plan9.e
demo\edix\src\qj.e
demo\edix\src\rein.e
demo\edix\src\reinh.e
demo\edix\src\run.e
demo\edix\src\synclr.e
demo\edix\src\synld.e
demo\edix\src\tabs.e
demo\edix\src\tedb.exw
demo\edix\src\undo.e
demo\edix\src\utf8.txt
demo\edix\src\vedb.exw
demo\edix\syn\bat.clr
demo\edix\syn\bat.syn
demo\edix\syn\C.clr
demo\edix\syn\C.syn
demo\edix\syn\css.syn
demo\edix\syn\Delphi.syn
demo\edix\syn\FreeBASIC.clr
demo\edix\syn\FreeBASIC.syn
demo\edix\syn\FASM.clr
demo\edix\syn\FASM.syn
demo\edix\syn\Go.clr
demo\edix\syn\Go.syn
demo\edix\syn\Html.clr
demo\edix\syn\Html.syn
demo\edix\syn\Java.syn
demo\edix\syn\js.syn
demo\edix\syn\None.clr
demo\edix\syn\None.syn
demo\edix\syn\perl.clr
demo\edix\syn\perl.syn
demo\edix\syn\Phix.clr
demo\edix\syn\Phix.syn
demo\edix\syn\Python.clr
demo\edix\syn\Python.syn
demo\edix\syn\Ruby.clr
demo\edix\syn\Ruby.syn
demo\edix\syn\SQL.clr
demo\edix\syn\SQL.syn
demo\edix\syn\Wren.syn

demo\eubnf\eubnf.exw
demo\eubnf\token.e
demo\eubnf\builtin.exh

demo\eucomdemo\browser.exw

demo\libcurl\download.exw
demo\libcurl\easy_download.exw
demo\libcurl\header.exw
demo\libcurl\hmac.e
demo\libcurl\progress.exw
demo\libcurl\read_cookies.exw
demo\libcurl\sha256.e
demo\libcurl\sha512.e
demo\libcurl\timestamp.e

demo\pGUI\pGUI.e
demo\pGUI\opengl.e
demo\pGUI\glu.e
demo\pGUI\winbmp.ew
demo\pGUI\tga.e
demo\pGUI\3d_text.exw
demo\pGUI\aaline.exw
demo\pGUI\alarm.exw
demo\pGUI\boids3d.exw
demo\pGUI\boids3d.e
demo\pGUI\boidsc.exw
demo\pGUI\buffer.exw
demo\pGUI\calendar.exw
demo\pGUI\cdtest.exw
demo\pGUI\Chat.exw
demo\pGUI\detachbox.exw
demo\pGUI\dialog2.exw
demo\pGUI\filedlg.exw
demo\pGUI\filedump.exw
demo\pGUI\fill.exw
demo\pGUI\frame.exw
demo\pGUI\flatframe.exw
demo\pGUI\gears.exw
demo\pGUI\getcolor.exw
demo\pGUI\getparam.exw
demo\pGUI\glcanvas_cube.exw
demo\pGUI\GraphR.exw
demo\pGUI\hbox.exw
demo\pGUI\hello.exw
demo\pGUI\hotdogs.pts
demo\pGUI\image.exw
demo\pGUI\imgdisp.exw
demo\pGUI\iup_layoutdlg.c
demo\pGUI\iup_layoutdlg.e
demo\pGUI\iup3Dctrls.exw
demo\pGUI\iup3Dgl.exw
demo\pGUI\IupBackgroundBox.exw
demo\pGUI\IupDiag.e
demo\pGUI\IupDropButton.exw
demo\pGUI\IupFileList.e
demo\pGUI\IupFlatLabel.exw
demo\pGUI\IupFlatList.exw
demo\pGUI\IupFlatSample.exw
demo\pGUI\IupFlatTabs.exw
demo\pGUI\IupFlatTree.exw
demo\pGUI\IupFlatVal.exw
demo\pGUI\IupFlowBox.exw
demo\pGUI\IupMatrixList.exw
demo\pGUI\IupMultiBox.exw
demo\pGUI\IupMultiLine.c
demo\pGUI\IupMultiLine.exw
demo\pGUI\IupProgressDlg.exw
demo\pGUI\IupScintilla.exw
demo\pGUI\IupTable.exw
demo\pGUI\jeremy.png
demo\pGUI\lesson6.exw
demo\pGUI\lightbulb.png
demo\pGUI\list2.exw
demo\pGUI\list3.exw
demo\pGUI\listview.exw
demo\pGUI\mandelbrot.exw
demo\pGUI\mathglsamples.exw
demo\pGUI\matrix.exw
demo\pGUI\matrix3.exw
demo\pGUI\menu.exw
demo\pGUI\message.exw
demo\pGUI\mglplotdemo.exw
demo\pGUI\multiline1.exw
demo\pGUI\pdemo.exw
demo\pGUI\PhixLogo.exw
demo\pGUI\plot.exw
demo\pGUI\plot1.exw
demo\pGUI\plot2.exw
demo\pGUI\plot5.exw
demo\pGUI\radio.exw
demo\pGUI\rot13.exw
demo\pGUI\rubik.exw
demo\pGUI\sample.exw
demo\pGUI\separator.exw
demo\pGUI\simple_notepad.exw
demo\pGUI\simple_paint.exw
demo\pGUI\spin.exw
demo\pGUI\submenu.exw
demo\pGUI\tabs.exw
demo\pGUI\teselation.exw
demo\pGUI\text.exw
demo\pGUI\toggle.exw
demo\pGUI\tray.exw
demo\pGUI\tree.exw
demo\pGUI\triangle.exw
demo\pGUI\vol_fog.exw
demo\pGUI\webbrowser.exw
demo\pGUI\data\floor.bmp
demo\pGUI\data\mur043.bmp
demo\pGUI\data\NeHe.bmp
demo\pGUI\icons\ActionBind.png
demo\pGUI\icons\ActionRun.png
demo\pGUI\icons\DialogLayout.png
demo\pGUI\icons\EditCopy.png
demo\pGUI\icons\EditCut.png
demo\pGUI\icons\EditDelete.png
demo\pGUI\icons\EditPaste.png
demo\pGUI\icons\EditRedo.png
demo\pGUI\icons\EditSelectAll.png
demo\pGUI\icons\EditUndo.png
demo\pGUI\icons\FileClose.png
demo\pGUI\icons\FileExit.png
demo\pGUI\icons\FileNew.png
demo\pGUI\icons\FileOpen.png
demo\pGUI\icons\FileSave.png
demo\pGUI\icons\FileSaveAs.png
demo\pGUI\icons\MessageInfo.png
demo\pGUI\icons\RedFlag.png
demo\pGUI\icons\ZoomIn.png
demo\pGUI\icons\ZoomOut.png
demo\pGUI\icons\ZoomReset.png
demo\pGUI\pdemo\demo.ew
demo\pGUI\pdemo\installation.e
demo\pGUI\pdemo\pdb.e
demo\pGUI\pdemo\setup.ew

demo\pGUI\win32\cd.dll
demo\pGUI\win32\cdcontextplus.dll
demo\pGUI\win32\cdgl.dll
demo\pGUI\win32\cdim.dll
demo\pGUI\win32\cdpdf.dll
demo\pGUI\win32\freetype6.dll
demo\pGUI\win32\ftgl.dll
demo\pGUI\win32\im.dll
demo\pGUI\win32\im_process.dll
demo\pGUI\win32\iup.dll
demo\pGUI\win32\iup_plot.dll
demo\pGUI\win32\iup_mglplot.dll
demo\pGUI\win32\iup_scintilla.dll
demo\pGUI\win32\iupcd.dll
demo\pGUI\win32\iupcontrols.dll
demo\pGUI\win32\iupgl.dll
demo\pGUI\win32\iupglcontrols.dll
demo\pGUI\win32\iupim.dll
demo\pGUI\win32\iupimglib.dll
demo\pGUI\win32\iupole.dll
demo\pGUI\win32\iupweb.dll
demo\pGUI\win32\pdflib.dll
demo\pGUI\win32\zlib1.dll

demo\pGUI\win64\cd.dll
demo\pGUI\win64\cdcontextplus.dll
demo\pGUI\win64\cdgl.dll
demo\pGUI\win64\cdim.dll
demo\pGUI\win64\cdpdf.dll
demo\pGUI\win64\freetype6.dll
demo\pGUI\win64\ftgl.dll
demo\pGUI\win64\im.dll
demo\pGUI\win64\im_process.dll
demo\pGUI\win64\iup.dll
demo\pGUI\win64\iup_plot.dll
demo\pGUI\win64\iup_mglplot.dll
demo\pGUI\win64\iup_scintilla.dll
demo\pGUI\win64\iupcd.dll
demo\pGUI\win64\iupcontrols.dll
demo\pGUI\win64\iupgl.dll
demo\pGUI\win64\iupglcontrols.dll
demo\pGUI\win64\iupim.dll
demo\pGUI\win64\iupimglib.dll
demo\pGUI\win64\iupole.dll
demo\pGUI\win64\iupweb.dll
demo\pGUI\win64\pdflib.dll
demo\pGUI\win64\zlib1.dll

demo\pGUI\lnx\installation.txt

demo\pSQLite\pSQLite.e
demo\pSQLite\demo.exw
demo\pSQLite\test.exw

demo\rosetta\_rosetta.txt
demo\rosetta\7guis\Booker.exw
demo\rosetta\7guis\Cells.exw
demo\rosetta\7guis\CellSamples.e
demo\rosetta\7guis\CircleDraw.exw
demo\rosetta\7guis\Converter.exw
demo\rosetta\7guis\Counter.exw
demo\rosetta\7guis\CRUD.exw
demo\rosetta\7guis\Timer.exw
demo\rosetta\100doors.exw
demo\rosetta\2048.exw
demo\rosetta\24_game.exw
demo\rosetta\24_game_solve.exw
demo\rosetta\99bottles.exw
demo\rosetta\9billionnames.exw
demo\rosetta\ABC.exw
demo\rosetta\Abelian_sandpile_model.exw
demo\rosetta\Ackermann.exw
demo\rosetta\AddrVar.exw
demo\rosetta\AKSprimes.exw
demo\rosetta\AlignColumns.exw
demo\rosetta\Aliquot.exw
demo\rosetta\AmicablePairs.exw
demo\rosetta\AlmostPrime.exw
demo\rosetta\AlmostPrimeC.exw
demo\rosetta\Amb.exw
demo\rosetta\Amb2.exw
demo\rosetta\Anagrams.exw
demo\rosetta\Animation.exw
demo\rosetta\animate_pendulum.exw
demo\rosetta\animate_pendulum2.exw
demo\rosetta\AplusB.exw
demo\rosetta\apply.exw
demo\rosetta\Archimedean_spiral.exw
demo\rosetta\ArithComplex.exw
demo\rosetta\ArithInteger.exw
demo\rosetta\Arithmetic_evaluation.exw
demo\rosetta\Arithmetic_evaluationD.exw
demo\rosetta\Arithmetic_geometric.exw
demo\rosetta\Arrays.exw
demo\rosetta\Ascii3D.exw
demo\rosetta\AtomicUrpdates.exw
demo\rosetta\Audio_frequency_generator.exw
demo\rosetta\Average_loop_length.exw
demo\rosetta\Averages_ArithmeticMean.exw
demo\rosetta\Averages_MeanAngle.exw
demo\rosetta\Averages_MeanTimes.exw
demo\rosetta\Averages_Median.exw
demo\rosetta\Averages_Mode.exw
demo\rosetta\Averages_PythagoreanMeans.exw
demo\rosetta\Averages_RootMeanSquare.exw
demo\rosetta\Averages_SimpleMovingAverage.exw
demo\rosetta\AVL_tree.exw
demo\rosetta\Balanced_brackets.exw
demo\rosetta\BarnsleyFern.exw
demo\rosetta\Bilinear_interpolation.exw
demo\rosetta\bitcoin_address_validation.exw
demo\rosetta\Bitmap.exw
demo\rosetta\Bitmap_BezierCubic.exw
demo\rosetta\Bitmap_BezierQuadratic.exw
demo\rosetta\Bitmap_Circle.exw
demo\rosetta\Bitmap_FloodFill.exw
demo\rosetta\Bitmap_Greyscale.exw
demo\rosetta\Bitmap_Histogram.exw
demo\rosetta\Bitmap_PPM_conversion_through_a_pipe.exw
demo\rosetta\Bitmap_Read_an_image_through_a_pipe.exw
demo\rosetta\Bitmap_read_ppm.exw
demo\rosetta\Bitmap_write_ppm.exw
demo\rosetta\Black_Box.exw
demo\rosetta\blackjack.exw
demo\rosetta\BookCipher.exw
demo\rosetta\Brace_expansion.exw
demo\rosetta\Bresenham_line.exw
demo\rosetta\BrownianTree.exw
demo\rosetta\burrows_wheeler.exw
demo\rosetta\Catalan_numbers.exw
demo\rosetta\Catalan_numbers_Pascals_triangle.exw
demo\rosetta\Catmull_Clark_subdivision_surface.exw
demo\rosetta\Chao_cipher.exw
demo\rosetta\Chaos_game.exw
demo\rosetta\checkpoint_synchronisation.exw
demo\rosetta\chess.exw
demo\rosetta\CLI_maze.exw
demo\rosetta\Clock.exw
demo\rosetta\Colour_bars.exw
demo\rosetta\Colour_pinstripe.exw
demo\rosetta\Combinations.exw
demo\rosetta\Compare_sorting_algorithms.exw
demo\rosetta\Compiler\core.e
demo\rosetta\Compiler\lex.e
demo\rosetta\Compiler\lex.exw
demo\rosetta\Compiler\parse.e
demo\rosetta\Compiler\parse.exw
demo\rosetta\Compiler\cgen.e
demo\rosetta\Compiler\cgen.exw
demo\rosetta\Compiler\vm.exw
demo\rosetta\Compiler\interp.exw
demo\rosetta\Compiler\extra.e
demo\rosetta\Compiler\deep.c
demo\rosetta\Compiler\gcd.c
demo\rosetta\Compiler\factorial.c
demo\rosetta\Compiler\fibonacci.c
demo\rosetta\Compiler\FizzBuzz.c
demo\rosetta\Compiler\99bottles.c
demo\rosetta\Compiler\Mandelbrot.c
demo\rosetta\Compiler\negative.c
demo\rosetta\Compiler\primes.c
demo\rosetta\Compiler\test1.c
demo\rosetta\Compiler\test2.c
demo\rosetta\Compiler\test3.c
demo\rosetta\Compiler\test4.c
demo\rosetta\Coloured_text.exw
demo\rosetta\Colour_wheel.exw
demo\rosetta\Concurrent.exw
demo\rosetta\Convert_base.exw
demo\rosetta\Conways_Game_of_Life.exw
demo\rosetta\Count_examples.exw
demo\rosetta\crc32.exw
demo\rosetta\Cryptanalysis.exw
demo\rosetta\Cursor_movement.exw
demo\rosetta\Data_Encryption_Standard.exw
demo\rosetta\Day_of_the_week.exw
demo\rosetta\decode_url.exw
demo\rosetta\Deconvolution.exw
demo\rosetta\DerangedAnagrams.exw
demo\rosetta\DiningPhilosophers.exw
demo\rosetta\DragonCurve.exw
demo\rosetta\Draw_a_sphere.exw
demo\rosetta\draw_cuboid.exw
demo\rosetta\DrawRotatingCube.exw
demo\rosetta\Easter.exw
demo\rosetta\encode_url.exw
demo\rosetta\Execute_BrainFrick.exw
demo\rosetta\Extensible_prime_generator.exw
demo\rosetta\EvalRPN.exw
demo\rosetta\Fake_Redirection.exw
demo\rosetta\FastFourierTransform.exw
demo\rosetta\Fermat.exw
demo\rosetta\fibonacci.exw
demo\rosetta\FibonacciFractal.exw
demo\rosetta\Find_bare_lang_tags.exw
demo\rosetta\Find_unimplemented_tasks.exw
demo\rosetta\Forest_fire.exw
demo\rosetta\foursquares.exw
demo\rosetta\FractalTree.exw
demo\rosetta\Functional_coverage_tree.exw
demo\rosetta\GaltonBox.exw
demo\rosetta\gcd.exw
demo\rosetta\Generator_Exponential.exw
demo\rosetta\Generic_multiplication.exw
demo\rosetta\Graph_colouring.exw
demo\rosetta\Greyscale_bars.exw
demo\rosetta\Heapsort.exw
demo\rosetta\hexapawn_go.exw
demo\rosetta\hexapawn.exw
demo\rosetta\honeycomb.exw
demo\rosetta\Hopido.exw
demo\rosetta\Hough_transform.exw
demo\rosetta\Hourglass_puzzle.exw
demo\rosetta\humble.exw
demo\rosetta\IBAN.exw
demo\rosetta\IbeforeE.exw
demo\rosetta\if2.txt
demo\rosetta\Inverse_Video.exw
demo\rosetta\Inverted_index.exw
demo\rosetta\inverted_syntax.exw
demo\rosetta\IQpuzzle.exw
demo\rosetta\ISAAC_Cipher.exw
demo\rosetta\Julia_set.exw
demo\rosetta\JSON.exw
demo\rosetta\knapsack.exw
demo\rosetta\knapsack0.exw
demo\rosetta\knapsackB.exw
demo\rosetta\Knights_Tour.exw
demo\rosetta\Koch_curve.exw
demo\rosetta\LangtonsAnt.exw
demo\rosetta\Lena.ppm
demo\rosetta\List_comprehensions.exw
demo\rosetta\Long_multiplication.exw
demo\rosetta\LZW_compression.exw
demo\rosetta\mastermind.exw
demo\rosetta\Matrix_Digital_Rain.exw
demo\rosetta\md5.exw
demo\rosetta\Miller_Rabin_primality_test.exw
demo\rosetta\Morpion_solitaire.exw
demo\rosetta\morse.exw
demo\rosetta\morse0.exw
demo\rosetta\Mouse_position.exw
demo\rosetta\Multidimensional_Newton-Raphson_method.exw
demo\rosetta\Munching_squares.exw
demo\rosetta\Names_to_numbers.exw
demo\rosetta\Natural_sorting.exw
demo\rosetta\Nested_function.exw
demo\rosetta\Nonogram.exw
demo\rosetta\Number_names.exw
demo\rosetta\n_queens.exw
demo\rosetta\OpenGLShader.exw
demo\rosetta\palin23.exw
demo\rosetta\Palindromic_gapful_numbers.exw
demo\rosetta\PandigitalSquares.exw
demo\rosetta\ParallelCalculations.exw
demo\rosetta\Parametrized_SQL_statement.exw
demo\rosetta\parseRPN.exw
demo\rosetta\Pascal_triangle_Puzzle.exw
demo\rosetta\Pattern_matching.exw
demo\rosetta\peano_curve.exw
demo\rosetta\Penrose_tiling.exw
demo\rosetta\Pentagram.exw
demo\rosetta\Pentagon.png
demo\rosetta\Percentage_difference_between_images.exw
demo\rosetta\Perfect_numbers.exw
demo\rosetta\Pierpont_primes.exw
demo\rosetta\plasma.exw
demo\rosetta\Playing_cards.exw
demo\rosetta\Plot_coordinate_pairs.exw
demo\rosetta\Polynomial_long_division.exw
demo\rosetta\Polyominoes.exw
demo\rosetta\Polyspiral.exw
demo\rosetta\Positional_read.exw
demo\rosetta\ppm.e
demo\rosetta\Primorial.exw
demo\rosetta\ProperDivisors.exw
demo\rosetta\Pseudorandom_number_generator_image.exw
demo\rosetta\PythagorasTree.exw
demo\rosetta\QRdecomposition.exw
demo\rosetta\Quantum_frog.png
demo\rosetta\Queen_Armies.exw
demo\rosetta\QuickSelect.exw
demo\rosetta\Quicksort.exw
demo\rosetta\RandomSentence.exw
demo\rosetta\Rank_Languages.exw
demo\rosetta\Raster_bars.exw
demo\rosetta\RCRPG.exw
demo\rosetta\Record_sound.exw
demo\rosetta\RockPaperScissors.exw
demo\rosetta\Roman_decode.exw
demo\rosetta\Roman_encode.exw
demo\rosetta\rubik_cfop.exw
demo\rosetta\rubik_tomas.exw
demo\rosetta\S_Expressions.exw
demo\rosetta\Same_Fringe.exw
demo\rosetta\sha-256.exw
demo\rosetta\sha-256asm.exw
demo\rosetta\sha-256dll.exw
demo\rosetta\SHA.DLL
demo\rosetta\SHA.ASM
demo\rosetta\sha1.exw
demo\rosetta\Shunting_Yard.exw
demo\rosetta\Sierpinski_arrowhead_curve.exw
demo\rosetta\Sierpinski_curve.exw
demo\rosetta\Sierpinski_square_curve.exw
demo\rosetta\SierpinskyPentagon.exw
demo\rosetta\SierpinskyTriangle.exw
demo\rosetta\Simple_db.exw
demo\rosetta\Simple_window.exw
demo\rosetta\SimpleHttpServer.exw
demo\rosetta\Single_instance.exw
demo\rosetta\sleep.exw
demo\rosetta\sma.e
demo\rosetta\SOAP.exw
demo\rosetta\Solve15puzzle.exw
demo\rosetta\Solve15puzzle_simple.exw
demo\rosetta\Solving_coin_problems.exw
demo\rosetta\Speak.exw
demo\rosetta\Speech.exw
demo\rosetta\SQL-based_authentication.exw
demo\rosetta\stack_trace.exw
demo\rosetta\Standard_deviation.exw
demo\rosetta\Sudoku.exw
demo\rosetta\Superellipse.exw
demo\rosetta\Sutherland_Hodgman_polygon_clipping.exw
demo\rosetta\Synchronous_concurrency.exw
demo\rosetta\tamagotchi.exw
demo\rosetta\Tasks_without_examples.exw
demo\rosetta\Tetrominoes.exw
demo\rosetta\Tic_tac_toe.exw
demo\rosetta\Transportation_problem.exw
demo\rosetta\Tree_traversal.exw
demo\rosetta\Ukkonens_Suffix_Tree.exw
demo\rosetta\Unicode_polynomial_equation.exw
demo\rosetta\Unicode_polynomial_equation.txt
demo\rosetta\User_Input_Graphical.exw
demo\rosetta\vibrect.exw
demo\rosetta\vidir.exw
demo\rosetta\virtunome.exw
demo\rosetta\VisualiseTree.exw
demo\rosetta\VoronoiDiagram.exw
demo\rosetta\Weather_Routing.exw
demo\rosetta\web_scrape.exw
demo\rosetta\Window_creation.exw
demo\rosetta\Window_management.exw
demo\rosetta\Wireworld.exw
demo\rosetta\Word_count.exw
demo\rosetta\wordsearch.exw
demo\rosetta\Within_triangle.exw
demo\rosetta\XML_Output.exw
demo\rosetta\Yahoo_search_interface.exw
demo\rosetta\Yin_and_yang.exw

demo\tinEWGdemo\tinewg.ew
demo\tinEWGdemo\tinEWG_const.ew
demo\tinEWGdemo\AWEdit.exw
demo\tinEWGdemo\movewin.exw
demo\tinEWGdemo\poly.exw
demo\tinEWGdemo\tindemo\clock.exw
demo\tinEWGdemo\tindemo\groups.exw
demo\tinEWGdemo\tindemo\menudemo.exw
demo\tinEWGdemo\tindemo\popupmenu1.exw
demo\tinEWGdemo\tindemo\words.txt

demo\xpm\run.xpm
demo\xpm\close_hex.bmp

demo\win32lib6\win32lib.ew
demo\win32lib6\compat01.ew
demo\win32lib6\options.e
demo\win32lib6\rttext.e
demo\win32lib6\series.e
demo\win32lib6\w32advapi.ew
demo\win32lib6\w32comctl.ew
demo\win32lib6\w32comdlg.ew
demo\win32lib6\w32DLL.ew
demo\win32lib6\w32file.ew
demo\win32lib6\w32gdi.ew
demo\win32lib6\w32Kernel.ew
demo\win32lib6\w32keys.e
demo\win32lib6\w32msgs.e
demo\win32lib6\w32ole.ew
demo\win32lib6\w32Shell.ew
demo\win32lib6\w32support.e
demo\win32lib6\w32tk.e
demo\win32lib6\w32user.ew
demo\win32lib6\w32winmm.ew

demo\win32lib7\win32lib.ew
demo\win32lib7\compat01.ew
demo\win32lib7\compat02.ew
demo\win32lib7\groupadv.ew
demo\win32lib7\options.e
demo\win32lib7\rttext.e
demo\win32lib7\SEQOP.E
demo\win32lib7\SERIES.E
demo\win32lib7\w32advapi.ew
demo\win32lib7\w32comctl.ew
demo\win32lib7\w32comdlg.ew
demo\win32lib7\w32constants.ew
demo\win32lib7\w32DLL.ew
demo\win32lib7\w32file.ew
demo\win32lib7\w32forms.ew
demo\win32lib7\w32gdi.ew
demo\win32lib7\w32Kernel.ew
demo\win32lib7\w32keys.e
demo\win32lib7\w32memory.ew
demo\win32lib7\w32msgs.e
demo\win32lib7\w32ole.ew
demo\win32lib7\w32resources.ew
demo\win32lib7\w32Shell.ew
demo\win32lib7\w32sock.ew
demo\win32lib7\w32start.ew
demo\win32lib7\w32structures.ew
demo\win32lib7\w32support.e
demo\win32lib7\w32tk.e
demo\win32lib7\w32user.ew
demo\win32lib7\w32utils.e
demo\win32lib7\w32winmm.ew
demo\win32lib7\w32winspool.ew
demo\win32lib7\w32xpm.ew

demo\Win32Demo\Advanc.exw
demo\Win32Demo\appselect.exw
demo\Win32Demo\boids3d.exw
demo\Win32Demo\boids3d.e
demo\Win32Demo\boxes.exw
demo\Win32Demo\clip.exw
demo\Win32Demo\fileprop.exw
demo\Win32Demo\FlatToolBar.exw
demo\Win32Demo\generic.exw
demo\Win32Demo\greg.exw
demo\Win32Demo\kaleidoscope.exw
demo\Win32Demo\life.exw
demo\Win32Demo\ListViewStyles2.exw
demo\Win32Demo\minmax.exw
demo\Win32Demo\MonthCalendar.exw
demo\Win32Demo\parsexpm.exw
demo\Win32Demo\randdots.exw
demo\Win32Demo\ReBar.exw
demo\Win32Demo\scroller.exw
demo\Win32Demo\simple_flatToolBar.exw
demo\Win32Demo\star.exw
demo\Win32Demo\title.exw
demo\Win32Demo\ToolBar.exw
demo\Win32Demo\tooltip.exw
demo\Win32Demo\tooltip_dynamic.exw
demo\Win32Demo\tvclick.exw
demo\Win32Demo\win32lib.ew
demo\Win32Demo\Wstyles.exw
demo\Win32Demo\XPthemes.exw

docs\jmplbl.txt
docs\posmods.txt
docs\switch.txt
docs\LinuxSyscallReference.txt
docs\lsct64.txt
docs\fasm.txt
docs\phix\Combined.css
docs\phix\Common.js
docs\phix\header_01.jpg
docs\phix\header_02.jpg
docs\phix\hhc.exe
docs\phix\makephix.exw
docs\phix\phix.hhp
docs\phix\Phix.txt
docs\phix\Phix.chm
docs\phix\images\sprites\caution.png
docs\phix\images\sprites\clear.png
docs\phix\images\sprites\important.png
docs\phix\images\sprites\note.png
docs\phix\images\sprites\security.png
docs\phix\images\sprites\sidebar.close.png
docs\phix\images\sprites\sidebar.widen.png
docs\phix\images\sprites\tech.close.png
docs\phix\images\sprites\tech.open.png
docs\phix\images\sprites\wedge.png
docs\phix\images\align.gif
docs\phix\images\arc.gif
docs\phix\images\bezier.gif
docs\phix\images\calendar.png
docs\phix\images\chord.gif
docs\phix\images\colordlg_cb.png
docs\phix\images\expand.gif
docs\phix\images\fillmode.gif
docs\phix\images\getparam.png
docs\phix\images\gettext.png
docs\phix\images\glFrustum1.png
docs\phix\images\glFrustum2.png
docs\phix\images\glFrustum3.png
docs\phix\images\glLoadIdentity.png
docs\phix\images\glOrtho1.png
docs\phix\images\glOrtho2.png
docs\phix\images\glTranslate.png
docs\phix\images\glScale.png
docs\phix\images\glViewport.png
docs\phix\images\globalsdialog.png
docs\phix\images\hatch.gif
docs\phix\images\hello_browser.png
docs\phix\images\hello_desktop.png
docs\phix\images\iupcells_chess.jpg
docs\phix\images\iupcells_num.jpg
docs\phix\images\classinfodialog.png
docs\phix\images\iupcolorbar.gif
docs\phix\images\iupcolorbrowser.png
docs\phix\images\iupdbox_detached.png
docs\phix\images\iupdbox_vertical.png
docs\phix\images\iupdial.gif
docs\phix\images\iupdialog.gif
docs\phix\images\iupdropbutton.png
docs\phix\images\iupexpander_open.png
docs\phix\images\iupexpander_close.png
docs\phix\images\iupflatbutton_normal.png
docs\phix\images\iupflatbutton_highlight.png
docs\phix\images\iupflatbutton_pressed.png
docs\phix\images\iupflatbutton_focus.png
docs\phix\images\iupflatframe.png
docs\phix\images\iupflatlabel.png
docs\phix\images\iupflatlist.png
docs\phix\images\iupflatseparator.png
docs\phix\images\iupflattoggle1.png
docs\phix\images\iupflattoggle2.png
docs\phix\images\iupflattoggle3.png
docs\phix\images\iupflattoggle4.png
docs\phix\images\iupflattoggle5.png
docs\phix\images\IupFlowBox3.png
docs\phix\images\IupFlowBox6.png
docs\phix\images\iupframe.png
docs\phix\images\iupgridbox.png
docs\phix\images\iupgridbox_normalize.png
docs\phix\images\iupgridbox_expandchild.png
docs\phix\images\iupgauge.png
docs\phix\images\iupmatrixlist1.png
docs\phix\images\iup_mglplot_text.png
docs\phix\images\iupmglplot_area.png
docs\phix\images\iupmglplot_bar.png
docs\phix\images\iupmglplot_bar3d.png
docs\phix\images\iupmglplot_barhorizontal.png
docs\phix\images\iupmglplot_chart.png
docs\phix\images\iupmglplot_chartpie.png
docs\phix\images\iupmglplot_colorcodes.png
docs\phix\images\iupmglplot_colorschemes.png
docs\phix\images\iupmglplot_crust.png
docs\phix\images\iupmglplot_dots.png
docs\phix\images\iupmglplot_line.png
docs\phix\images\iupmglplot_line3d.png
docs\phix\images\iupmglplot_planar_axialcontour.png
docs\phix\images\iupmglplot_planar_belt.png
docs\phix\images\iupmglplot_planar_boxes.png
docs\phix\images\iupmglplot_planar_contour.png
docs\phix\images\iupmglplot_planar_contour_filled.png
docs\phix\images\iupmglplot_planar_density.png
docs\phix\images\iupmglplot_planar_density_gradientlines.png
docs\phix\images\iupmglplot_planar_fall.png
docs\phix\images\iupmglplot_planar_gradientlines.png
docs\phix\images\iupmglplot_planar_mesh.png
docs\phix\images\iupmglplot_planar_surface.png
docs\phix\images\iupmglplot_planar_surface_colors.png
docs\phix\images\iupmglplot_planar_surface_contour.png
docs\phix\images\iupmglplot_planar_tile.png
docs\phix\images\iupmglplot_radar.png
docs\phix\images\iupmglplot_stem.png
docs\phix\images\iupmglplot_step.png
docs\phix\images\iupmglplot_volume_cloudcubes.png
docs\phix\images\iupmglplot_volume_contour.png
docs\phix\images\iupmglplot_volume_contourproject.png
docs\phix\images\iupmglplot_volume_contourfilled.png
docs\phix\images\iupmglplot_volume_contourfilledproject.png
docs\phix\images\iupmglplot_volume_density.png
docs\phix\images\iupmglplot_volume_densityproject.png
docs\phix\images\iupmglplot_volume_isosurface.png
docs\phix\images\iupmultibox1.png
docs\phix\images\iupmultibox2.png
docs\phix\images\iup_plot0.png
docs\phix\images\iup_plot1.png
docs\phix\images\iup_plot2.png
docs\phix\images\iup_plot3.png
docs\phix\images\iup_plot4.png
docs\phix\images\iup_plot5.png
docs\phix\images\iup_plot6.png
docs\phix\images\iup_plot7.png
docs\phix\images\iup_plot8.png
docs\phix\images\iup_plot9.png
docs\phix\images\iup_plot10.png
docs\phix\images\iup_plot11.png
docs\phix\images\progressdlg.png
docs\phix\images\iupsbox1.png
docs\phix\images\iupsbox2.png
docs\phix\images\iupsbox3.png
docs\phix\images\iupsbox4.png
docs\phix\images\iupscrollbox.png
docs\phix\images\iupspin.png
docs\phix\images\iupsplit1.png
docs\phix\images\iupsplit2.png
docs\phix\images\IupTable.png
docs\phix\images\IupTable2.png
docs\phix\images\IupTableb.png
docs\phix\images\iuptabs_win2k_top.png
docs\phix\images\iuptabs_winxp_top.png
docs\phix\images\iuptabs_win2k_left.png
docs\phix\images\iuptabs_winxp_left.png
docs\phix\images\iuptabs_win2k_top_multi.png
docs\phix\images\iuptabs_winxp_top_multi.png
docs\phix\images\iuptabs_gtk_top.png
docs\phix\images\iuptabs_gtk_left.png
docs\phix\images\iuptabs_gtk_top_vert.png
docs\phix\images\iuptabs_gtk_left_vert.png
docs\phix\images\iuptabs_mot_top.png
docs\phix\images\iuptabs_mot_left.png
docs\phix\images\iuptree.png
docs\phix\images\iuptree1.png
docs\phix\images\iuptree2_addbranch9.png
docs\phix\images\iuptree3_insertbranch9.png
docs\phix\images\IupTreeView.png
docs\phix\images\IupTreeView2.png
docs\phix\images\iupwebbrowser.png
docs\phix\images\JavaUniverse.jpg
docs\phix\images\font_dim.gif
docs\phix\images\ksk-smile.png
docs\phix\images\layoutdlg1.png
docs\phix\images\layoutdlg2.png
docs\phix\images\listdialog.png
docs\phix\images\linecap.gif
docs\phix\images\linejoin.gif
docs\phix\images\lines.gif
docs\phix\images\marks.gif
docs\phix\images\mdi.gif
docs\phix\images\nativesize1.gif
docs\phix\images\nativesize2.gif
docs\phix\images\nativesize3.gif
docs\phix\images\naturalsize.gif
docs\phix\images\no_shrink.gif
docs\phix\images\opacity.gif
docs\phix\images\p2js-hw.png
docs\phix\images\p2js-mt.png
docs\phix\images\p2js-or.png
docs\phix\images\p-cp.png
docs\phix\images\polygon.gif
docs\phix\images\regions.gif
docs\phix\images\scrollbar.gif
docs\phix\images\sector.gif
docs\phix\images\sqlite370_banner.gif
docs\phix\images\usersize.gif
docs\phix\images\wc-dc.gif
docs\phix\images\cursors\win_logo.png
docs\phix\images\cursors\x-win_logo.gif
docs\phix\images\cursors\wcursor_appstarting.gif
docs\phix\images\cursors\wcursor_arrow.gif
docs\phix\images\cursors\wcursor_busy.gif
docs\phix\images\cursors\wcursor_cross.gif
docs\phix\images\cursors\wcursor_hand.gif
docs\phix\images\cursors\wcursor_help.gif
docs\phix\images\cursors\wcursor_move.gif
docs\phix\images\cursors\wcursor_no.gif
docs\phix\images\cursors\wcursor_pen.gif
docs\phix\images\cursors\wcursor_resize_nesw.gif
docs\phix\images\cursors\wcursor_resize_ns.gif
docs\phix\images\cursors\wcursor_resize_nwse.gif
docs\phix\images\cursors\wcursor_resize_we.gif
docs\phix\images\cursors\wcursor_text.gif
docs\phix\images\cursors\wcursor_uparrow.gif
docs\phix\images\cursors\xcursor_arrow.gif
docs\phix\images\cursors\xcursor_busy.gif
docs\phix\images\cursors\xcursor_cross.gif
docs\phix\images\cursors\xcursor_hand.gif
docs\phix\images\cursors\xcursor_help.gif
docs\phix\images\cursors\xcursor_move.gif
docs\phix\images\cursors\xcursor_pen.gif
docs\phix\images\cursors\xcursor_resize_e.gif
docs\phix\images\cursors\xcursor_resize_n.gif
docs\phix\images\cursors\xcursor_resize_ne.gif
docs\phix\images\cursors\xcursor_resize_ns.gif
docs\phix\images\cursors\xcursor_resize_nw.gif
docs\phix\images\cursors\xcursor_resize_s.gif
docs\phix\images\cursors\xcursor_resize_se.gif
docs\phix\images\cursors\xcursor_resize_sw.gif
docs\phix\images\cursors\xcursor_resize_w.gif
docs\phix\images\cursors\xcursor_resize_we.gif
docs\phix\images\cursors\xcursor_text.gif
docs\phix\images\cursors\xcursor_uparrow.gif
docs\phix\images\imglib\BaseLib\GTK_24x24\gtk-apply.png
docs\phix\images\imglib\BaseLib\GTK_24x24\gtk-cancel.png
docs\phix\images\imglib\BaseLib\GTK_24x24\gtk-copy.png
docs\phix\images\imglib\BaseLib\GTK_24x24\gtk-cut.png
docs\phix\images\imglib\BaseLib\GTK_24x24\gtk-delete.png
docs\phix\images\imglib\BaseLib\GTK_24x24\gtk-directory.png
docs\phix\images\imglib\BaseLib\GTK_24x24\gtk-find.png
docs\phix\images\imglib\BaseLib\GTK_24x24\gtk-fullscreen.png
docs\phix\images\imglib\BaseLib\GTK_24x24\gtk-go-back-ltr.png
docs\phix\images\imglib\BaseLib\GTK_24x24\gtk-go-down.png
docs\phix\images\imglib\BaseLib\GTK_24x24\gtk-go-forward-ltr.png
docs\phix\images\imglib\BaseLib\GTK_24x24\gtk-go-up.png
docs\phix\images\imglib\BaseLib\GTK_24x24\gtk-help.png
docs\phix\images\imglib\BaseLib\GTK_24x24\gtk-home.png
docs\phix\images\imglib\BaseLib\GTK_24x24\gtk-info.png
docs\phix\images\imglib\BaseLib\GTK_24x24\gtk-media-forward-ltr.png
docs\phix\images\imglib\BaseLib\GTK_24x24\gtk-media-next-ltr.png
docs\phix\images\imglib\BaseLib\GTK_24x24\gtk-media-pause.png
docs\phix\images\imglib\BaseLib\GTK_24x24\gtk-media-play-ltr.png
docs\phix\images\imglib\BaseLib\GTK_24x24\gtk-media-play-rtl.png
docs\phix\images\imglib\BaseLib\GTK_24x24\gtk-media-previous-ltr.png
docs\phix\images\imglib\BaseLib\GTK_24x24\gtk-media-record.png
docs\phix\images\imglib\BaseLib\GTK_24x24\gtk-media-rewind-ltr.png
docs\phix\images\imglib\BaseLib\GTK_24x24\gtk-media-stop.png
docs\phix\images\imglib\BaseLib\GTK_24x24\gtk-new.png
docs\phix\images\imglib\BaseLib\GTK_24x24\gtk-open.png
docs\phix\images\imglib\BaseLib\GTK_24x24\gtk-paste.png
docs\phix\images\imglib\BaseLib\GTK_24x24\gtk-preferences.png
docs\phix\images\imglib\BaseLib\GTK_24x24\gtk-print-preview.png
docs\phix\images\imglib\BaseLib\GTK_24x24\gtk-print.png
docs\phix\images\imglib\BaseLib\GTK_24x24\gtk-properties.png
docs\phix\images\imglib\BaseLib\GTK_24x24\gtk-redo-ltr.png
docs\phix\images\imglib\BaseLib\GTK_24x24\gtk-refresh.png
docs\phix\images\imglib\BaseLib\GTK_24x24\gtk-save.png
docs\phix\images\imglib\BaseLib\GTK_24x24\gtk-select-color.png
docs\phix\images\imglib\BaseLib\GTK_24x24\gtk-sort-ascending.png
docs\phix\images\imglib\BaseLib\GTK_24x24\gtk-sort-descending.png
docs\phix\images\imglib\BaseLib\GTK_24x24\gtk-stop.png
docs\phix\images\imglib\BaseLib\GTK_24x24\gtk-undo-ltr.png
docs\phix\images\imglib\BaseLib\GTK_24x24\gtk-zoom-100.png
docs\phix\images\imglib\BaseLib\GTK_24x24\gtk-zoom-fit.png
docs\phix\images\imglib\BaseLib\GTK_24x24\gtk-zoom-in.png
docs\phix\images\imglib\BaseLib\GTK_24x24\gtk-zoom-out.png
docs\phix\images\imglib\BaseLib\Motif_16x16_8bpp\ActionCancel8.gif
docs\phix\images\imglib\BaseLib\Motif_16x16_8bpp\ActionOk8.gif
docs\phix\images\imglib\BaseLib\Motif_16x16_8bpp\ArrowDown8.gif
docs\phix\images\imglib\BaseLib\Motif_16x16_8bpp\ArrowLeft8.gif
docs\phix\images\imglib\BaseLib\Motif_16x16_8bpp\ArrowRight8.gif
docs\phix\images\imglib\BaseLib\Motif_16x16_8bpp\ArrowUp8.gif
docs\phix\images\imglib\BaseLib\Motif_16x16_8bpp\EditCopy8.gif
docs\phix\images\imglib\BaseLib\Motif_16x16_8bpp\EditCut8.gif
docs\phix\images\imglib\BaseLib\Motif_16x16_8bpp\EditErase8.gif
docs\phix\images\imglib\BaseLib\Motif_16x16_8bpp\EditFind8.gif
docs\phix\images\imglib\BaseLib\Motif_16x16_8bpp\EditPaste8.gif
docs\phix\images\imglib\BaseLib\Motif_16x16_8bpp\EditRedo8.gif
docs\phix\images\imglib\BaseLib\Motif_16x16_8bpp\EditUndo8.gif
docs\phix\images\imglib\BaseLib\Motif_16x16_8bpp\FileClose8.gif
docs\phix\images\imglib\BaseLib\Motif_16x16_8bpp\FileNew8.gif
docs\phix\images\imglib\BaseLib\Motif_16x16_8bpp\FileOpen8.gif
docs\phix\images\imglib\BaseLib\Motif_16x16_8bpp\FileProperties8.gif
docs\phix\images\imglib\BaseLib\Motif_16x16_8bpp\FileSave8.gif
docs\phix\images\imglib\BaseLib\Motif_16x16_8bpp\MediaForward8.gif
docs\phix\images\imglib\BaseLib\Motif_16x16_8bpp\MediaGotoBegin8.gif
docs\phix\images\imglib\BaseLib\Motif_16x16_8bpp\MediaGoToEnd8.gif
docs\phix\images\imglib\BaseLib\Motif_16x16_8bpp\MediaPause8.gif
docs\phix\images\imglib\BaseLib\Motif_16x16_8bpp\MediaPlay8.gif
docs\phix\images\imglib\BaseLib\Motif_16x16_8bpp\MediaRecord8.gif
docs\phix\images\imglib\BaseLib\Motif_16x16_8bpp\MediaReverse8.gif
docs\phix\images\imglib\BaseLib\Motif_16x16_8bpp\MediaRewind8.gif
docs\phix\images\imglib\BaseLib\Motif_16x16_8bpp\MediaStop8.gif
docs\phix\images\imglib\BaseLib\Motif_16x16_8bpp\MessageError8.gif
docs\phix\images\imglib\BaseLib\Motif_16x16_8bpp\MessageHelp8.gif
docs\phix\images\imglib\BaseLib\Motif_16x16_8bpp\MessageInfo8.gif
docs\phix\images\imglib\BaseLib\Motif_16x16_8bpp\NavigateHome8.gif
docs\phix\images\imglib\BaseLib\Motif_16x16_8bpp\NavigateRefresh8.gif
docs\phix\images\imglib\BaseLib\Motif_16x16_8bpp\Print8.gif
docs\phix\images\imglib\BaseLib\Motif_16x16_8bpp\PrintPreview8.gif
docs\phix\images\imglib\BaseLib\Motif_16x16_8bpp\ToolsColor8.gif
docs\phix\images\imglib\BaseLib\Motif_16x16_8bpp\ToolsSettings8.gif
docs\phix\images\imglib\BaseLib\Motif_16x16_8bpp\ToolsSortAscend8.gif
docs\phix\images\imglib\BaseLib\Motif_16x16_8bpp\ToolsSortDescend8.gif
docs\phix\images\imglib\BaseLib\Motif_16x16_8bpp\ViewFullScreen8.gif
docs\phix\images\imglib\BaseLib\Motif_16x16_8bpp\ZoomActualSize8.gif
docs\phix\images\imglib\BaseLib\Motif_16x16_8bpp\ZoomIn8.gif
docs\phix\images\imglib\BaseLib\Motif_16x16_8bpp\ZoomOut8.gif
docs\phix\images\imglib\BaseLib\Motif_16x16_8bpp\ZoomSelection8.gif
docs\phix\images\imglib\BaseLib\Windows_32x32\ActionCancel.png
docs\phix\images\imglib\BaseLib\Windows_32x32\ActionOk.png
docs\phix\images\imglib\BaseLib\Windows_32x32\ArrowDown.png
docs\phix\images\imglib\BaseLib\Windows_32x32\ArrowLeft.png
docs\phix\images\imglib\BaseLib\Windows_32x32\ArrowRight.png
docs\phix\images\imglib\BaseLib\Windows_32x32\ArrowUp.png
docs\phix\images\imglib\BaseLib\Windows_32x32\EditCopy.png
docs\phix\images\imglib\BaseLib\Windows_32x32\EditCut.png
docs\phix\images\imglib\BaseLib\Windows_32x32\EditErase.png
docs\phix\images\imglib\BaseLib\Windows_32x32\EditFind.png
docs\phix\images\imglib\BaseLib\Windows_32x32\EditPaste.png
docs\phix\images\imglib\BaseLib\Windows_32x32\EditRedo.png
docs\phix\images\imglib\BaseLib\Windows_32x32\EditUndo.png
docs\phix\images\imglib\BaseLib\Windows_32x32\FileClose.png
docs\phix\images\imglib\BaseLib\Windows_32x32\FileNew.png
docs\phix\images\imglib\BaseLib\Windows_32x32\FileOpen.png
docs\phix\images\imglib\BaseLib\Windows_32x32\FileProperties.png
docs\phix\images\imglib\BaseLib\Windows_32x32\FileSave.png
docs\phix\images\imglib\BaseLib\Windows_32x32\MediaForward.png
docs\phix\images\imglib\BaseLib\Windows_32x32\MediaGotoBegin.png
docs\phix\images\imglib\BaseLib\Windows_32x32\MediaGoToEnd.png
docs\phix\images\imglib\BaseLib\Windows_32x32\MediaPause.png
docs\phix\images\imglib\BaseLib\Windows_32x32\MediaPlay.png
docs\phix\images\imglib\BaseLib\Windows_32x32\MediaRecord.png
docs\phix\images\imglib\BaseLib\Windows_32x32\MediaReverse.png
docs\phix\images\imglib\BaseLib\Windows_32x32\MediaRewind.png
docs\phix\images\imglib\BaseLib\Windows_32x32\MediaStop.png
docs\phix\images\imglib\BaseLib\Windows_32x32\MessageError.png
docs\phix\images\imglib\BaseLib\Windows_32x32\MessageHelp.png
docs\phix\images\imglib\BaseLib\Windows_32x32\MessageInfo.png
docs\phix\images\imglib\BaseLib\Windows_32x32\NavigateHome.png
docs\phix\images\imglib\BaseLib\Windows_32x32\NavigateRefresh.png
docs\phix\images\imglib\BaseLib\Windows_32x32\Print.png
docs\phix\images\imglib\BaseLib\Windows_32x32\PrintPreview.png
docs\phix\images\imglib\BaseLib\Windows_32x32\ToolsColor.png
docs\phix\images\imglib\BaseLib\Windows_32x32\ToolsSettings.png
docs\phix\images\imglib\BaseLib\Windows_32x32\ToolsSortAscend.png
docs\phix\images\imglib\BaseLib\Windows_32x32\ToolsSortDescend.png
docs\phix\images\imglib\BaseLib\Windows_32x32\ViewFullScreen.png
docs\phix\images\imglib\BaseLib\Windows_32x32\ZoomActualSize.png
docs\phix\images\imglib\BaseLib\Windows_32x32\ZoomIn.png
docs\phix\images\imglib\BaseLib\Windows_32x32\ZoomOut.png
docs\phix\images\imglib\BaseLib\Windows_32x32\ZoomSelection.png
docs\phix\images\imglib\Icons\GTK_48x48\gtk-dialog-authentication.png
docs\phix\images\imglib\Icons\GTK_48x48\gtk-dialog-error.png
docs\phix\images\imglib\Icons\GTK_48x48\gtk-dialog-info.png
docs\phix\images\imglib\Icons\GTK_48x48\gtk-dialog-question.png
docs\phix\images\imglib\Icons\GTK_48x48\gtk-dialog-warning.png
docs\phix\images\imglib\Icons\Windows_32x32\AttachFile.png
docs\phix\images\imglib\Icons\Windows_32x32\Book.png
docs\phix\images\imglib\Icons\Windows_32x32\BusinessCard.png
docs\phix\images\imglib\Icons\Windows_32x32\Calendar.png
docs\phix\images\imglib\Icons\Windows_32x32\Charts.png
docs\phix\images\imglib\Icons\Windows_32x32\Checkmark.png
docs\phix\images\imglib\Icons\Windows_32x32\Clipboard.png
docs\phix\images\imglib\Icons\Windows_32x32\Clock.png
docs\phix\images\imglib\Icons\Windows_32x32\ColorPicker.png
docs\phix\images\imglib\Icons\Windows_32x32\DeviceComputer.png
docs\phix\images\imglib\Icons\Windows_32x32\DeviceMonitor.png
docs\phix\images\imglib\Icons\Windows_32x32\DeviceVideo.png
docs\phix\images\imglib\Icons\Windows_32x32\DeviceWebcam.png
docs\phix\images\imglib\Icons\Windows_32x32\Engine.png
docs\phix\images\imglib\Icons\Windows_32x32\Envelope.png
docs\phix\images\imglib\Icons\Windows_32x32\Erase.png
docs\phix\images\imglib\Icons\Windows_32x32\FillColor.png
docs\phix\images\imglib\Icons\Windows_32x32\Filter.png
docs\phix\images\imglib\Icons\Windows_32x32\Flag.png
docs\phix\images\imglib\Icons\Windows_32x32\Function.png
docs\phix\images\imglib\Icons\Windows_32x32\Globe.png
docs\phix\images\imglib\Icons\Windows_32x32\Gridlines.png
docs\phix\images\imglib\Icons\Windows_32x32\Hand.png
docs\phix\images\imglib\Icons\Windows_32x32\image.png
docs\phix\images\imglib\Icons\Windows_32x32\Key.png
docs\phix\images\imglib\Icons\Windows_32x32\ListCollapsed.png
docs\phix\images\imglib\Icons\Windows_32x32\ListExpanded.png
docs\phix\images\imglib\Icons\Windows_32x32\Lock.png
docs\phix\images\imglib\Icons\Windows_32x32\Map.png
docs\phix\images\imglib\Icons\Windows_32x32\Microphone.png
docs\phix\images\imglib\Icons\Windows_32x32\Music.png
docs\phix\images\imglib\Icons\Windows_32x32\Notebook.png
docs\phix\images\imglib\Icons\Windows_32x32\Notepad.png
docs\phix\images\imglib\Icons\Windows_32x32\PageMargins.png
docs\phix\images\imglib\Icons\Windows_32x32\Ruler.png
docs\phix\images\imglib\Icons\Windows_32x32\Screen.png
docs\phix\images\imglib\Icons\Windows_32x32\Script.png
docs\phix\images\imglib\Icons\Windows_32x32\Settings.png
docs\phix\images\imglib\Icons\Windows_32x32\Speaker.png
docs\phix\images\imglib\Icons\Windows_32x32\StopWatch.png
docs\phix\images\imglib\Icons\Windows_32x32\Table.png
docs\phix\images\imglib\Icons\Windows_32x32\ToolsHammer.png
docs\phix\images\imglib\Icons\Windows_32x32\ToolsPencil.png
docs\phix\images\imglib\Icons\Windows_32x32\Users.png
docs\phix\images\imglib\Icons\Windows_32x32\Video.png
docs\phix\images\imglib\Icons\Windows_48x48\DeviceCamera.png
docs\phix\images\imglib\Icons\Windows_48x48\DeviceCD.png
docs\phix\images\imglib\Icons\Windows_48x48\DeviceCellPhone.png
docs\phix\images\imglib\Icons\Windows_48x48\DeviceComputer.png
docs\phix\images\imglib\Icons\Windows_48x48\DeviceFax.png
docs\phix\images\imglib\Icons\Windows_48x48\DeviceHardDrive.png
docs\phix\images\imglib\Icons\Windows_48x48\DeviceMP3.png
docs\phix\images\imglib\Icons\Windows_48x48\DeviceNetwork.png
docs\phix\images\imglib\Icons\Windows_48x48\DevicePDA.png
docs\phix\images\imglib\Icons\Windows_48x48\DevicePrinter.png
docs\phix\images\imglib\Icons\Windows_48x48\DeviceScanner.png
docs\phix\images\imglib\Icons\Windows_48x48\DeviceSound.png
docs\phix\images\imglib\Icons\Windows_48x48\DeviceVideo.png
docs\phix\images\imglib\Icons\Windows_48x48\IconMessageError.png
docs\phix\images\imglib\Icons\Windows_48x48\IconMessageHelp.png
docs\phix\images\imglib\Icons\Windows_48x48\IconMessageInfo.png
docs\phix\images\imglib\Icons\Windows_48x48\IconMessageSecurity.png
docs\phix\images\imglib\Icons\Windows_48x48\IconMessageWarning.png
docs\phix\images\imglib\Logos\32x32\BR.png
docs\phix\images\imglib\Logos\32x32\Lua.png
docs\phix\images\imglib\Logos\32x32\Petrobras.png
docs\phix\images\imglib\Logos\32x32\PUC-Rio.png
docs\phix\images\imglib\Logos\32x32\Tecgraf.png
docs\phix\images\imglib\Logos\32x32\TecgrafPUC-Rio.png
docs\phix\images\imglib\Logos\48x48\BR.png
docs\phix\images\imglib\Logos\48x48\Lua.png
docs\phix\images\imglib\Logos\48x48\Petrobras.png
docs\phix\images\imglib\Logos\48x48\PUC-Rio.png
docs\phix\images\imglib\Logos\48x48\Tecgraf.png
docs\phix\images\imglib\Logos\48x48\TecgrafPUC-Rio.png
docs\phix\images\syntax\alter-table-stmt.gif
docs\phix\images\syntax\analyze-stmt.gif
docs\phix\images\syntax\attach-stmt.gif
docs\phix\images\syntax\begin-stmt.gif
docs\phix\images\syntax\column-constraint.gif
docs\phix\images\syntax\column-def.gif
docs\phix\images\syntax\column-name-list.gif
docs\phix\images\syntax\comment-syntax.gif
docs\phix\images\syntax\commit-stmt.gif
docs\phix\images\syntax\common-table-expression.gif
docs\phix\images\syntax\compound-operator.gif
docs\phix\images\syntax\compound-select-stmt.gif
docs\phix\images\syntax\conflict-clause.gif
docs\phix\images\syntax\create-index-stmt.gif
docs\phix\images\syntax\create-table-stmt.gif
docs\phix\images\syntax\create-trigger-stmt.gif
docs\phix\images\syntax\create-view-stmt.gif
docs\phix\images\syntax\create-virtual-table-stmt.gif
docs\phix\images\syntax\cte-table-name.gif
docs\phix\images\syntax\delete-stmt.gif
docs\phix\images\syntax\delete-stmt-limited.gif
docs\phix\images\syntax\detach-stmt.gif
docs\phix\images\syntax\drop-index-stmt.gif
docs\phix\images\syntax\drop-table-stmt.gif
docs\phix\images\syntax\drop-trigger-stmt.gif
docs\phix\images\syntax\drop-view-stmt.gif
docs\phix\images\syntax\expr.gif
docs\phix\images\syntax\factored-select-stmt.gif
docs\phix\images\syntax\foreign-key-clause.gif
docs\phix\images\syntax\indexed-column.gif
docs\phix\images\syntax\insert-stmt.gif
docs\phix\images\syntax\join-clause.gif
docs\phix\images\syntax\join-constraint.gif
docs\phix\images\syntax\join-operator.gif
docs\phix\images\syntax\literal-value.gif
docs\phix\images\syntax\numeric-literal.gif
docs\phix\images\syntax\ordering-term.gif
docs\phix\images\syntax\pragma-stmt.gif
docs\phix\images\syntax\pragma-value.gif
docs\phix\images\syntax\qualified-table-name.gif
docs\phix\images\syntax\raise-function.gif
docs\phix\images\syntax\recursive-cte.gif
docs\phix\images\syntax\reindex-stmt.gif
docs\phix\images\syntax\release-stmt.gif
docs\phix\images\syntax\result-column.gif
docs\phix\images\syntax\rollback-stmt.gif
docs\phix\images\syntax\savepoint-stmt.gif
docs\phix\images\syntax\select-core.gif
docs\phix\images\syntax\select-stmt.gif
docs\phix\images\syntax\signed-number.gif
docs\phix\images\syntax\simple-select-stmt.gif
docs\phix\images\syntax\sql-stmt.gif
docs\phix\images\syntax\sql-stmt-list.gif
docs\phix\images\syntax\table-constraint.gif
docs\phix\images\syntax\table-or-subquery.gif
docs\phix\images\syntax\type-name.gif
docs\phix\images\syntax\update-stmt.gif
docs\phix\images\syntax\update-stmt-limited.gif
docs\phix\images\syntax\vacuum-stmt.gif
docs\phix\images\syntax\with-clause.gif
docs\phix\src\_readme.txt
docs\phix\src\banner.htm
docs\phix\src\body.htm
docs\phix\src\header.htm
docs\phix\src\index.txt
docs\phix\src\licence.htm
docs\phix\src\mt.htm
docs\phix\src\trailer.htm
docs\phix\src\toc.htm
docs\phix\src\toc.txt
docs\phix\src\phix.htm
docs\phix\src\a32Colour.htm
docs\phix\src\a32dcolour.htm
docs\phix\src\a32dcopy.htm
docs\phix\src\a32dcreate.htm
docs\phix\src\a32dfilters.htm
docs\phix\src\a32dgeom.htm
docs\phix\src\a32Dib.htm
docs\phix\src\a32dmanip.htm
docs\phix\src\a32dpixel.htm
docs\phix\src\a32drawing.htm
docs\phix\src\a32dtypes.htm
docs\phix\src\a32dversion.htm
docs\phix\src\abort.htm
docs\phix\src\abs.htm
docs\phix\src\accuracy.htm
docs\phix\src\adjust_timedate.htm
docs\phix\src\adjustDibBrightness.htm
docs\phix\src\adjustDibBrightnessAndContrast.htm
docs\phix\src\adjustDibColors.htm
docs\phix\src\adjustDibContrast.htm
docs\phix\src\allocate.htm
docs\phix\src\allocate_string.htm
docs\phix\src\allocate_struct.htm
docs\phix\src\allow_break.htm
docs\phix\src\and_bits.htm
docs\phix\src\any_key.htm
docs\phix\src\append.htm
docs\phix\src\apply.htm
docs\phix\src\applyDibBrightnessToDib.htm
docs\phix\src\arithops.htm
docs\phix\src\arwen.htm
docs\phix\src\arwen.Accelerator.htm
docs\phix\src\arwen.Buttons.htm
docs\phix\src\arwen.Clipboard.htm
docs\phix\src\arwen.Comm_dlg.htm
docs\phix\src\arwen.Create.htm
docs\phix\src\arwen.Destroy.htm
docs\phix\src\arwen.Dib_bitmap.htm
docs\phix\src\arwen.DibSections.htm
docs\phix\src\arwen.Editable.htm
docs\phix\src\arwen.Events.htm
docs\phix\src\arwen.Groups.htm
docs\phix\src\arwen.Hypertext.htm
docs\phix\src\arwen.Icon_cursor.htm
docs\phix\src\arwen.Introduction.htm
docs\phix\src\arwen.Labels.htm
docs\phix\src\arwen.Listcontrols.htm
docs\phix\src\arwen.Markboxes.htm
docs\phix\src\arwen.Menus.htm
docs\phix\src\arwen.Mouse.htm
docs\phix\src\arwen.Progressbars.htm
docs\phix\src\arwen.Scrollbars.htm
docs\phix\src\arwen.Statusbars.htm
docs\phix\src\arwen.Structures.htm
docs\phix\src\arwen.Tabbing.htm
docs\phix\src\arwen.Tabcontrols.htm
docs\phix\src\arwen.Timers.htm
docs\phix\src\arwen.Toolbars.htm
docs\phix\src\arwen.Trackbars.htm
docs\phix\src\arwen.Window_msg.htm
docs\phix\src\arwen.Windows.htm
docs\phix\src\arwen32dib.htm
docs\phix\src\assignment.htm
docs\phix\src\assignop.htm
docs\phix\src\atom.htm
docs\phix\src\atoms.htm
docs\phix\src\atom_to_floatNN.htm
docs\phix\src\ba_div.htm
docs\phix\src\ba_mod_exp.htm
docs\phix\src\ba_mul.htm
docs\phix\src\ba_new.htm
docs\phix\src\ba_round.htm
docs\phix\src\ba_scale.htm
docs\phix\src\ba_sprintf.htm
docs\phix\src\bigatom.htm
docs\phix\src\bigatom_type.htm
docs\phix\src\bitlog.htm
docs\phix\src\bits_to_int.htm
docs\phix\src\bk_color.htm
docs\phix\src\blurDib.htm
docs\phix\src\bsearch.htm
docs\phix\src\bytes_to_int.htm
docs\phix\src\bzstream.htm
docs\phix\src\c_func.htm
docs\phix\src\c_proc.htm
docs\phix\src\call.htm
docs\phix\src\call_back.htm
docs\phix\src\call_func.htm
docs\phix\src\call_proc.htm
docs\phix\src\callproc.htm
docs\phix\src\ccall.htm
docs\phix\src\cffi.htm
docs\phix\src\cgraphics.htm
docs\phix\src\change_timezone.htm
docs\phix\src\chdir.htm
docs\phix\src\check_break.htm
docs\phix\src\check_free_list.htm
docs\phix\src\class.htm
docs\phix\src\clear_directory.htm
docs\phix\src\clear_screen.htm
docs\phix\src\clearDib.htm
docs\phix\src\clipToSource.htm
docs\phix\src\close.htm
docs\phix\src\colorizeDib.htm
docs\phix\src\columnize.htm
docs\phix\src\command_line.htm
docs\phix\src\comments.htm
docs\phix\src\compare.htm
docs\phix\src\complex.htm
docs\phix\src\compjava.htm
docs\phix\src\concatenation.htm
docs\phix\src\constants.htm
docs\phix\src\copy_file.htm
docs\phix\src\copyDib.htm
docs\phix\src\copyDibToDib.htm
docs\phix\src\copyDibToClipboard.htm
docs\phix\src\copyToDib.htm
docs\phix\src\cpath.htm
docs\phix\src\crash.htm
docs\phix\src\crash_file.htm
docs\phix\src\crash_message.htm
docs\phix\src\crash_routine.htm
docs\phix\src\create_directory.htm
docs\phix\src\create_thread.htm
docs\phix\src\cstruct.htm
docs\phix\src\CURLcode.htm
docs\phix\src\CURLoption.htm
docs\phix\src\curl_easy_cleanup.htm
docs\phix\src\curl_easy_duphandle.htm
docs\phix\src\curl_easy_getinfo.htm
docs\phix\src\curl_easy_init.htm
docs\phix\src\curl_easy_perform.htm
docs\phix\src\curl_easy_recv.htm
docs\phix\src\curl_easy_reset.htm
docs\phix\src\curl_easy_send.htm
docs\phix\src\curl_easy_setopt.htm
docs\phix\src\curl_global_cleanup.htm
docs\phix\src\curl_global_init.htm
docs\phix\src\curl_loadlib.htm
docs\phix\src\curl_multi_add_handle.htm
docs\phix\src\curl_multi_cleanup.htm
docs\phix\src\curl_multi_info_read.htm
docs\phix\src\curl_multi_init.htm
docs\phix\src\curl_multi_perform.htm
docs\phix\src\curl_multi_remove_handle.htm
docs\phix\src\curl_multi_setopt.htm
docs\phix\src\curl_multi_timeout.htm
docs\phix\src\curl_multi_wait.htm
docs\phix\src\curl_share_cleanup.htm
docs\phix\src\curl_share_init.htm
docs\phix\src\curl_share_setopt.htm
docs\phix\src\curl_slist_append.htm
docs\phix\src\curl_slist_free_all.htm
docs\phix\src\curl_version.htm
docs\phix\src\curl_version_info.htm
docs\phix\src\current_dir.htm
docs\phix\src\cursor.htm
docs\phix\src\custom_sort.htm
docs\phix\src\database.htm
docs\phix\src\date.htm
docs\phix\src\day_of_week.htm
docs\phix\src\day_of_year.htm
docs\phix\src\days_in_month.htm
docs\phix\src\db_close.htm
docs\phix\src\db_compress.htm
docs\phix\src\db_create.htm
docs\phix\src\db_create_table.htm
docs\phix\src\db_delete_record.htm
docs\phix\src\db_delete_table.htm
docs\phix\src\db_dump.htm
docs\phix\src\db_fatal_id.htm
docs\phix\src\db_find_key.htm
docs\phix\src\db_insert.htm
docs\phix\src\db_open.htm
docs\phix\src\db_record_data.htm
docs\phix\src\db_record_key.htm
docs\phix\src\db_rename_table.htm
docs\phix\src\db_replace_data.htm
docs\phix\src\db_select.htm
docs\phix\src\db_select_table.htm
docs\phix\src\db_table_list.htm
docs\phix\src\db_table_size.htm
docs\phix\src\dcall.htm
docs\phix\src\debug.htm
docs\phix\src\debugging.htm
docs\phix\src\declarations.htm
docs\phix\src\decode_base64.htm
docs\phix\src\decode_flags.htm
docs\phix\src\deep_copy.htm
docs\phix\src\define_c_func.htm
docs\phix\src\define_c_proc.htm
docs\phix\src\define_c_var.htm
docs\phix\src\define_cffi_func.htm
docs\phix\src\define_cffi_proc.htm
docs\phix\src\define_struct.htm
docs\phix\src\deld.htm
docs\phix\src\delete.htm
docs\phix\src\delete_cs.htm
docs\phix\src\delete_file.htm
docs\phix\src\delete_routine.htm
docs\phix\src\deprecated.htm
docs\phix\src\destroy_dict.htm
docs\phix\src\detectDibEdges.htm
docs\phix\src\dibColor.htm
docs\phix\src\dict.htm
docs\phix\src\dict_name.htm
docs\phix\src\dict_size.htm
docs\phix\src\dir.htm
docs\phix\src\display_text_image.htm
docs\phix\src\drawDib.htm
docs\phix\src\drawDibToDib.htm
docs\phix\src\drawDibTransformedPolygon.htm
docs\phix\src\drawShadedPolygonToDib.htm
docs\phix\src\dynamic.htm
docs\phix\src\Edix.htm
docs\phix\src\elapsed.htm
docs\phix\src\embossDib.htm
docs\phix\src\encode_base64.htm
docs\phix\src\enter_cs.htm
docs\phix\src\enum.htm
docs\phix\src\equal.htm
docs\phix\src\eucompat.htm
docs\phix\src\example.htm
docs\phix\src\exit.htm
docs\phix\src\exit_thread.htm
docs\phix\src\explicitdiscard.htm
docs\phix\src\expressions.htm
docs\phix\src\extended.htm
docs\phix\src\extract.htm
docs\phix\src\extract_json_field.htm
docs\phix\src\extractDib.htm
docs\phix\src\factorial.htm
docs\phix\src\factors.htm
docs\phix\src\fastGetDibPixel.htm
docs\phix\src\fastPutDibPixel.htm
docs\phix\src\fileio.htm
docs\phix\src\fileutils.htm
docs\phix\src\file_exists.htm
docs\phix\src\filter.htm
docs\phix\src\filterDib.htm
docs\phix\src\filterDib3x3.htm
docs\phix\src\filterDibGray.htm
docs\phix\src\filterDibGray3x3.htm
docs\phix\src\find.htm
docs\phix\src\find_any.htm
docs\phix\src\find_replace.htm
docs\phix\src\flatten.htm
docs\phix\src\flipDibHor.htm
docs\phix\src\flipDibVert.htm
docs\phix\src\floatNN_to_atom.htm
docs\phix\src\floor.htm
docs\phix\src\flush.htm
docs\phix\src\for.htm
docs\phix\src\format.htm
docs\phix\src\format_timedate.htm
docs\phix\src\free.htm
docs\phix\src\free_console.htm
docs\phix\src\functions.htm
docs\phix\src\gcd.htm
docs\phix\src\get.htm
docs\phix\src\get_bytes.htm
docs\phix\src\get_field_details.htm
docs\phix\src\get_file_base.htm
docs\phix\src\get_file_date.htm
docs\phix\src\get_file_extension.htm
docs\phix\src\get_file_name.htm
docs\phix\src\get_file_path.htm
docs\phix\src\get_file_size.htm
docs\phix\src\get_file_type.htm
docs\phix\src\get_interpreter.htm
docs\phix\src\get_key.htm
docs\phix\src\get_logical_drives.htm
docs\phix\src\get_position.htm
docs\phix\src\get_prime.htm
docs\phix\src\get_proc_address.htm
docs\phix\src\get_proper_dir.htm
docs\phix\src\get_proper_path.htm
docs\phix\src\get_screen_char.htm
docs\phix\src\get_struct_field.htm
docs\phix\src\get_struct_size.htm
docs\phix\src\get_text.htm
docs\phix\src\get_thread_exitcode.htm
docs\phix\src\get_thread_id.htm
docs\phix\src\get_tzid.htm
docs\phix\src\getc.htm
docs\phix\src\getd.htm
docs\phix\src\getd_all_keys.htm
docs\phix\src\getd_index.htm
docs\phix\src\getd_by_index.htm
docs\phix\src\getd_partial_key.htm
docs\phix\src\getDibFromClipboard.htm
docs\phix\src\getDibPixel.htm
docs\phix\src\getenv.htm
docs\phix\src\gets.htm
docs\phix\src\glossary.htm
docs\phix\src\gmatch.htm
docs\phix\src\goto.htm
docs\phix\src\gsub.htm
docs\phix\src\hash.htm
docs\phix\src\head.htm
docs\phix\src\if.htm
docs\phix\src\iff.htm
docs\phix\src\include.htm
docs\phix\src\include_paths.htm
docs\phix\src\init_cs.htm
docs\phix\src\insert.htm
docs\phix\src\installation.htm
docs\phix\src\instance.htm
docs\phix\src\int_to_bits.htm
docs\phix\src\int_to_bytes.htm
docs\phix\src\integer.htm
docs\phix\src\interface.htm
docs\phix\src\internals.htm
docs\phix\src\invertDib.htm
docs\phix\src\ipc.htm
docs\phix\src\is_dict.htm
docs\phix\src\is_leap_year.htm
docs\phix\src\isatty.htm
docs\phix\src\javascript.htm
docs\phix\src\JavaUniverse.htm
docs\phix\src\join.htm
docs\phix\src\join_by.htm
docs\phix\src\join_path.htm
docs\phix\src\killDib.htm
docs\phix\src\language.htm
docs\phix\src\leave_cs.htm
docs\phix\src\length.htm
docs\phix\src\libcurl.htm
docs\phix\src\library.htm
docs\phix\src\LiteZip.htm
docs\phix\src\loadDib.htm
docs\phix\src\lock_file.htm
docs\phix\src\log.htm
docs\phix\src\logicops.htm
docs\phix\src\lower.htm
docs\phix\src\lowlevel.htm
docs\phix\src\machine.htm
docs\phix\src\machine_bits.htm
docs\phix\src\machine_func.htm
docs\phix\src\machine_proc.htm
docs\phix\src\makeDibGray.htm
docs\phix\src\map.htm
docs\phix\src\mappings.htm
docs\phix\src\match.htm
docs\phix\src\match_all.htm
docs\phix\src\match_replace.htm
docs\phix\src\math.htm
docs\phix\src\max.htm
docs\phix\src\mem_copy.htm
docs\phix\src\mem_set.htm
docs\phix\src\message_box.htm
docs\phix\src\min.htm
docs\phix\src\move_file.htm
docs\phix\src\mpfr.htm
docs\phix\src\mtask.htm
docs\phix\src\mthread.htm
docs\phix\src\multiassign.htm
docs\phix\src\new_dict.htm
docs\phix\src\newDib.htm
docs\phix\src\nopoll.htm
docs\phix\src\nopoll_conn_close.htm
docs\phix\src\nopoll_conn_close_ext.htm
docs\phix\src\nopoll_conn_complete_pending_write.htm
docs\phix\src\nopoll_conn_connect_timeout.htm
docs\phix\src\nopoll_conn_flush_writes.htm
docs\phix\src\nopoll_conn_get_accepted_protocol.htm
docs\phix\src\nopoll_conn_get_connect_timeout.htm
docs\phix\src\nopoll_conn_get_msg.htm
docs\phix\src\nopoll_conn_is_ok.htm
docs\phix\src\nopoll_conn_is_ready.htm
docs\phix\src\nopoll_conn_new.htm
docs\phix\src\nopoll_conn_pending_write_bytes.htm
docs\phix\src\nopoll_conn_read.htm
docs\phix\src\nopoll_conn_read_pending.htm
docs\phix\src\nopoll_conn_send_text.htm
docs\phix\src\nopoll_conn_send_text_fragment.htm
docs\phix\src\nopoll_conn_set_on_msg.htm
docs\phix\src\nopoll_conn_wait_until_connection_ready.htm
docs\phix\src\nopoll_ctx_new.htm
docs\phix\src\nopoll_ctx_set_on_msg.htm
docs\phix\src\nopoll_loop_stop.htm
docs\phix\src\nopoll_loop_wait.htm
docs\phix\src\nopoll_msg_get_payload.htm
docs\phix\src\nopoll_msg_get_payload_size.htm
docs\phix\src\nopoll_msg_opcode.htm
docs\phix\src\nopoll_msg_opcode_desc.htm
docs\phix\src\nopoll_sleep.htm
docs\phix\src\nopoll_thread_handlers.htm
docs\phix\src\not_bits.htm
docs\phix\src\numberbases.htm
docs\phix\src\object.htm
docs\phix\src\opCallOnceYeNot.htm
docs\phix\src\open.htm
docs\phix\src\open_dll.htm
docs\phix\src\opsystem.htm
docs\phix\src\or_all.htm
docs\phix\src\or_bits.htm
docs\phix\src\ordinal.htm
docs\phix\src\otherlibs.htm
docs\phix\src\otherseqops.htm
docs\phix\src\override_timezone.htm
docs\phix\src\p2js.htm
docs\phix\src\pad.htm
docs\phix\src\parse_date_string.htm
docs\phix\src\parse_json.htm
docs\phix\src\parse_tree.htm
docs\phix\src\patmat.htm
docs\phix\src\peek.htm
docs\phix\src\peek_string.htm
docs\phix\src\perlops.htm
docs\phix\src\permute.htm
docs\phix\src\perrec.htm
docs\phix\src\pFreePool.htm
docs\phix\src\pGetPool.htm
docs\phix\src\pGUI-IDE.htm
docs\phix\src\phixcomp.htm
docs\phix\src\phixvscl.htm
docs\phix\src\phixvsfl.htm
docs\phix\src\pipeio.htm
docs\phix\src\platform.htm
docs\phix\src\pLoadFlt.htm
docs\phix\src\pLoadMint.htm
docs\phix\src\poke.htm
docs\phix\src\poke_string.htm
docs\phix\src\position.htm
docs\phix\src\pop_dict.htm
docs\phix\src\ppp.htm
docs\phix\src\pp.htm
docs\phix\src\ppf.htm
docs\phix\src\ppOpt.htm
docs\phix\src\pqueue.htm
docs\phix\src\precedence.htm
docs\phix\src\predeftypes.htm
docs\phix\src\prepend.htm
docs\phix\src\pretty_print.htm
docs\phix\src\prime_factors.htm
docs\phix\src\print.htm
docs\phix\src\printf.htm
docs\phix\src\print_json.htm
docs\phix\src\procedures.htm
docs\phix\src\profile.htm
docs\phix\src\progress.htm
docs\phix\src\prompt_number.htm
docs\phix\src\prompt_string.htm
docs\phix\src\proper.htm
docs\phix\src\pSQLite.htm
docs\phix\src\pStoreMint.htm
docs\phix\src\pStoreFlt.htm
docs\phix\src\put_screen_char.htm
docs\phix\src\putDibPixel.htm
docs\phix\src\puts.htm
docs\phix\src\qu.htm
docs\phix\src\rand.htm
docs\phix\src\read_bitmap.htm
docs\phix\src\read_file.htm
docs\phix\src\read_lines.htm
docs\phix\src\rectools.htm
docs\phix\src\regex.e.htm
docs\phix\src\regex_compile.htm
docs\phix\src\regex_options.htm
docs\phix\src\regex_syntax.htm
docs\phix\src\regex.htm
docs\phix\src\register_block.htm
docs\phix\src\relops.htm
docs\phix\src\remainder.htm
docs\phix\src\remove.htm
docs\phix\src\remove_all.htm
docs\phix\src\remove_directory.htm
docs\phix\src\rename_file.htm
docs\phix\src\repeat.htm
docs\phix\src\replace.htm
docs\phix\src\replaceDibColor.htm
docs\phix\src\replaceDibColors.htm
docs\phix\src\requires.htm
docs\phix\src\resume_thread.htm
docs\phix\src\return.htm
docs\phix\src\reverse.htm
docs\phix\src\rotateDib.htm
docs\phix\src\rotateDibFree.htm
docs\phix\src\routine_id.htm
docs\phix\src\sandc.htm
docs\phix\src\save_bitmap.htm
docs\phix\src\save_text_image.htm
docs\phix\src\saveDib.htm
docs\phix\src\saveDibGray.htm
docs\phix\src\saveDibReduced.htm
docs\phix\src\scaleDib.htm
docs\phix\src\scaleDibPct.htm
docs\phix\src\scanf.htm
docs\phix\src\scope.htm
docs\phix\src\scroll.htm
docs\phix\src\seek.htm
docs\phix\src\seqformation.htm
docs\phix\src\seqmanip.htm
docs\phix\src\seqops.htm
docs\phix\src\sequence.htm
docs\phix\src\sequences.htm
docs\phix\src\serialize.e.htm
docs\phix\src\serialize.htm
docs\phix\src\series.htm
docs\phix\src\set_struct_field.htm
docs\phix\src\set_system_doevents.htm
docs\phix\src\set_timedate_formats.htm
docs\phix\src\set_timezone.htm
docs\phix\src\set_unicode.htm
docs\phix\src\setd.htm
docs\phix\src\setd_default.htm
docs\phix\src\sets.htm
docs\phix\src\sha256.htm
docs\phix\src\sharedlib.htm
docs\phix\src\sharpenDib.htm
docs\phix\src\shift_bits.htm
docs\phix\src\shortcircuit.htm
docs\phix\src\shuffle.htm
docs\phix\src\sin.htm
docs\phix\src\sleep.htm
docs\phix\src\slices.htm
docs\phix\src\smallest.htm
docs\phix\src\sm_alloc_lpsz.htm
docs\phix\src\sm_close.htm
docs\phix\src\sm_create.htm
docs\phix\src\sm_open.htm
docs\phix\src\sockets.htm
docs\phix\src\sort.htm
docs\phix\src\specialtop.htm
docs\phix\src\splice.htm
docs\phix\src\split.htm
docs\phix\src\split_any.htm
docs\phix\src\split_path.htm
docs\phix\src\sprint.htm
docs\phix\src\sprintf.htm
docs\phix\src\sqlconst.htm
docs\phix\src\sqlite3_advanced.htm
docs\phix\src\sqlite3_bind.htm
docs\phix\src\sqlite3_changes.htm
docs\phix\src\sqlite3_close.htm
docs\phix\src\sqlite3_column.htm
docs\phix\src\sqlite3_exec.htm
docs\phix\src\sqlite3_finalize.htm
docs\phix\src\sqlite3_get_autocommit.htm
docs\phix\src\sqlite3_get_table.htm
docs\phix\src\sqlite3_lang.htm
docs\phix\src\sqlite3_lang_aggfunc.htm
docs\phix\src\sqlite3_lang_altertable.htm
docs\phix\src\sqlite3_lang_analyze.htm
docs\phix\src\sqlite3_lang_attach.htm
docs\phix\src\sqlite3_lang_autoinc.htm
docs\phix\src\sqlite3_lang_comment.htm
docs\phix\src\sqlite3_lang_conflict.htm
docs\phix\src\sqlite3_lang_corefunc.htm
docs\phix\src\sqlite3_lang_createindex.htm
docs\phix\src\sqlite3_lang_createtable.htm
docs\phix\src\sqlite3_lang_createtrigger.htm
docs\phix\src\sqlite3_lang_createvtab.htm
docs\phix\src\sqlite3_lang_datatype3.htm
docs\phix\src\sqlite3_lang_datefunc.htm
docs\phix\src\sqlite3_lang_delete.htm
docs\phix\src\sqlite3_lang_detach.htm
docs\phix\src\sqlite3_lang_dropindex.htm
docs\phix\src\sqlite3_lang_droptable.htm
docs\phix\src\sqlite3_lang_droptrigger.htm
docs\phix\src\sqlite3_lang_dropview.htm
docs\phix\src\sqlite3_lang_explain.htm
docs\phix\src\sqlite3_lang_expr.htm
docs\phix\src\sqlite3_lang_expridx.htm
docs\phix\src\sqlite3_lang_foreignkeys.htm
docs\phix\src\sqlite3_lang_indexedby.htm
docs\phix\src\sqlite3_lang_insert.htm
docs\phix\src\sqlite3_lang_keywords.htm
docs\phix\src\sqlite3_lang_naming.htm
docs\phix\src\sqlite3_lang_omitted.htm
docs\phix\src\sqlite3_lang_partialindex.htm
docs\phix\src\sqlite3_lang_pragma.htm
docs\phix\src\sqlite3_lang_reindex.htm
docs\phix\src\sqlite3_lang_replace.htm
docs\phix\src\sqlite3_lang_rowvalue.htm
docs\phix\src\sqlite3_lang_savepoint.htm
docs\phix\src\sqlite3_lang_select.htm
docs\phix\src\sqlite3_lang_syntaxdiagrams.htm
docs\phix\src\sqlite3_lang_transaction.htm
docs\phix\src\sqlite3_lang_update.htm
docs\phix\src\sqlite3_lang_vacuum.htm
docs\phix\src\sqlite3_lang_with.htm
docs\phix\src\sqlite3_lang_withoutrowid.htm
docs\phix\src\sqlite3_last_insert_rowid.htm
docs\phix\src\sqlite3_libversion.htm
docs\phix\src\sqlite3_open.htm
docs\phix\src\sqlite3_open_dll.htm
docs\phix\src\sqlite3_prepare.htm
docs\phix\src\sqlite3_reset.htm
docs\phix\src\sqlite3_step.htm
docs\phix\src\srchsort.htm
docs\phix\src\statements.htm
docs\phix\src\string.htm
docs\phix\src\strings.htm
docs\phix\src\struct.htm
docs\phix\src\structs.htm
docs\phix\src\subscripts.htm
docs\phix\src\substitute.htm
docs\phix\src\substitute_all.htm
docs\phix\src\subtleBlurDib.htm
docs\phix\src\subtleSharpenDib.htm
docs\phix\src\sum.htm
docs\phix\src\suspend_thread.htm
docs\phix\src\switch.htm
docs\phix\src\system.htm
docs\phix\src\system_exec.htm
docs\phix\src\system_open.htm
docs\phix\src\system_wait.htm
docs\phix\src\tagset.htm
docs\phix\src\tail.htm
docs\phix\src\task_clock_start.htm
docs\phix\src\task_clock_stop.htm
docs\phix\src\task_create.htm
docs\phix\src\task_delay.htm
docs\phix\src\task_list.htm
docs\phix\src\task_schedule.htm
docs\phix\src\task_self.htm
docs\phix\src\task_status.htm
docs\phix\src\task_suspend.htm
docs\phix\src\task_yield.htm
docs\phix\src\tdformats.htm
docs\phix\src\temp_file.htm
docs\phix\src\testing.htm
docs\phix\src\text_color.htm
docs\phix\src\text_rows.htm
docs\phix\src\thread_safe_string.htm
docs\phix\src\throw.htm
docs\phix\src\tileDibToDib.htm
docs\phix\src\time.htm
docs\phix\src\timedate.htm
docs\phix\src\timedate_diff.htm
docs\phix\src\timedatetype.htm
docs\phix\src\timedelta.htm
docs\phix\src\to_integer.htm
docs\phix\src\to_number.htm
docs\phix\src\to_string.htm
docs\phix\src\tokens.htm
docs\phix\src\trace.htm
docs\phix\src\traverse_dict.htm
docs\phix\src\traverse_dict_partial_key.htm
docs\phix\src\trim.htm
docs\phix\src\try.htm
docs\phix\src\try_cs.htm
docs\phix\src\types.htm
docs\phix\src\unique.htm
docs\phix\src\unit_test.htm
docs\phix\src\unlock_file.htm
docs\phix\src\unregister_block.htm
docs\phix\src\UnzipClose.htm
docs\phix\src\UnzipFindItem.htm
docs\phix\src\UnzipGetFileName.htm
docs\phix\src\UnzipGetItem.htm
docs\phix\src\UnzipGetItems.htm
docs\phix\src\UnzipItemToFile.htm
docs\phix\src\UnzipOpenFile.htm
docs\phix\src\UnzipSetBaseDir.htm
docs\phix\src\upper.htm
docs\phix\src\usingtypes.htm
docs\phix\src\utf8_to_utf32.htm
docs\phix\src\utf16_to_utf32.htm
docs\phix\src\utf32_to_utf8.htm
docs\phix\src\utf32_to_utf16.htm
docs\phix\src\utfconv.htm
docs\phix\src\utilities.htm
docs\phix\src\value.htm
docs\phix\src\variables.htm
docs\phix\src\version.htm
docs\phix\src\video_config.htm
docs\phix\src\vlookup.htm
docs\phix\src\vslice.htm
docs\phix\src\wait_key.htm
docs\phix\src\wait_thread.htm
docs\phix\src\walk_dir.htm
docs\phix\src\wglUseFontOutlines.htm
docs\phix\src\where.htm
docs\phix\src\while.htm
docs\phix\src\win32dib.htm
docs\phix\src\wildcard_file.htm
docs\phix\src\wildcard_match.htm
docs\phix\src\with.htm
docs\phix\src\wrap.htm
docs\phix\src\wrectools.htm
docs\phix\src\xml.htm
docs\phix\src\xor_bits.htm
docs\phix\src\ZipAddDir.htm
docs\phix\src\ZipAddFile.htm
docs\phix\src\ZipAddFolder.htm
docs\phix\src\ZipClose.htm
docs\phix\src\ZipCreateFile.htm
docs\phix\src\ZIPENTRY.htm

docs\phix\src\pGUI.htm
docs\phix\src\iupattr.htm
docs\phix\src\iupcd.htm
docs\phix\src\iupcontainers.htm
docs\phix\src\iupctrl.htm
docs\phix\src\iupcred.htm
docs\phix\src\iupelements.htm
docs\phix\src\iupgattr.htm
docs\phix\src\iuplayout.htm
docs\phix\src\iuptypes.htm
docs\phix\src\callbacks.htm
docs\phix\src\common.htm
docs\phix\src\dragndrop.htm
docs\phix\src\paranormal.htm
docs\phix\src\Icallback.htm
docs\phix\src\Ihandle.htm
docs\phix\src\nullable_string.htm
docs\phix\src\imFileImageLoadBitmap.htm
docs\phix\src\IupAlarm.htm
docs\phix\src\IupAppend.htm
docs\phix\src\IupBackgroundBox.htm
docs\phix\src\IupButton.htm
docs\phix\src\IupCalendar.htm
docs\phix\src\IupCanvas.htm
docs\phix\src\IupCbox.htm
docs\phix\src\IupClassInfoDialog.htm
docs\phix\src\IupClassMatch.htm
docs\phix\src\IupClipboard.htm
docs\phix\src\IupClose.htm
docs\phix\src\IupColorbar.htm
docs\phix\src\IupColorBrowser.htm
docs\phix\src\IupColorDlg.htm
docs\phix\src\IupConfig.htm
docs\phix\src\IupConfigDialogClosed.htm
docs\phix\src\IupConfigDialogShow.htm
docs\phix\src\IupConfigGetVariableInt.htm
docs\phix\src\IupConfigGetVariableStr.htm
docs\phix\src\IupConfigLoad.htm
docs\phix\src\IupConfigRecentInit.htm
docs\phix\src\IupConfigRecentUpdate.htm
docs\phix\src\IupConfigSave.htm
docs\phix\src\IupConfigSetVariableInt.htm
docs\phix\src\IupConfigSetVariableStr.htm
docs\phix\src\IupControls.htm
docs\phix\src\IupConvertXYToPos.htm
docs\phix\src\IupCopyClassAttributes.htm
docs\phix\src\IupCreate.htm
docs\phix\src\IupDatePick.htm
docs\phix\src\IupDetachBox.htm
docs\phix\src\IupDestroy.htm
docs\phix\src\IupDetach.htm
docs\phix\src\IupDial.htm
docs\phix\src\IupDialog.htm
docs\phix\src\IupDraw.htm
docs\phix\src\IupDropButton.htm
docs\phix\src\IupExecute.htm
docs\phix\src\IupExitLoop.htm
docs\phix\src\IupExpander.htm
docs\phix\src\IupFileDlg.htm
docs\phix\src\IupFill.htm
docs\phix\src\IupFlatButton.htm
docs\phix\src\IupFlatFrame.htm
docs\phix\src\IupFlatLabel.htm
docs\phix\src\IupFlatList.htm
docs\phix\src\IupFlatSeparator.htm
docs\phix\src\IupFlatTabs.htm
docs\phix\src\IupFlatToggle.htm
docs\phix\src\IupFlatTree.htm
docs\phix\src\IupFlatVal.htm
docs\phix\src\IupFlowBox.htm
docs\phix\src\IupFlush.htm
docs\phix\src\IupFontDlg.htm
docs\phix\src\IupFrame.htm
docs\phix\src\IupGauge.htm
docs\phix\src\IupGetAllAttributes.htm
docs\phix\src\IupGetAllClasses.htm
docs\phix\src\IupGetAllDialogs.htm
docs\phix\src\IupGetAllNames.htm
docs\phix\src\IupGetAttribute.htm
docs\phix\src\IupGetAttributeHandle.htm
docs\phix\src\IupGetBrother.htm
docs\phix\src\IupGetCallback.htm
docs\phix\src\IupGetChild.htm
docs\phix\src\IupGetChildCount.htm
docs\phix\src\IupGetChildPos.htm
docs\phix\src\IupGetClassAttributes.htm
docs\phix\src\IupGetClassCallbacks.htm
docs\phix\src\IupGetClassName.htm
docs\phix\src\IupGetClassType.htm
docs\phix\src\IupGetColor.htm
docs\phix\src\IupGetDialog.htm
docs\phix\src\IupGetDialogChild.htm
docs\phix\src\IupGetFile.htm
docs\phix\src\IupGetFocus.htm
docs\phix\src\IupGetGlobal.htm
docs\phix\src\IupGetGlobalFunction.htm
docs\phix\src\IupGetHandle.htm
docs\phix\src\IupGetName.htm
docs\phix\src\IupGetNextChild.htm
docs\phix\src\IupGetParam.htm
docs\phix\src\IupGetParent.htm
docs\phix\src\IupGetText.htm
docs\phix\src\IupGLButton.htm
docs\phix\src\IupGLCanvas.htm
docs\phix\src\IupGLControls.htm
docs\phix\src\IupGLExpander.htm
docs\phix\src\IupGLFrame.htm
docs\phix\src\IupGLLabel.htm
docs\phix\src\IupGLLink.htm
docs\phix\src\IupGLProgressBar.htm
docs\phix\src\IupGLScrollBox.htm
docs\phix\src\IupGLSeparator.htm
docs\phix\src\IupGLSizeBox.htm
docs\phix\src\IupGLSubCanvas.htm
docs\phix\src\IupGLText.htm
docs\phix\src\IupGLToggle.htm
docs\phix\src\IupGLValuator.htm
docs\phix\src\IupGlobalsDialog.htm
docs\phix\src\IupGridBox.htm
docs\phix\src\IupHbox.htm
docs\phix\src\IupHelp.htm
docs\phix\src\IupHide.htm
docs\phix\src\IupImage.htm
docs\phix\src\IupImageLibOpen.htm
docs\phix\src\IupInsert.htm
docs\phix\src\IupLabel.htm
docs\phix\src\IupLink.htm
docs\phix\src\IupList.htm
docs\phix\src\IupListDialog.htm
docs\phix\src\IupLoad.htm
docs\phix\src\IupLoadImage.htm
docs\phix\src\IupLog.htm
docs\phix\src\IupLoopStep.htm
docs\phix\src\IupMainLoop.htm
docs\phix\src\IupMainLoopLevel.htm
docs\phix\src\IupMap.htm
docs\phix\src\IupMatrix.htm
docs\phix\src\IupMatrixEx.htm
docs\phix\src\IupMatrixList.htm
docs\phix\src\IupMenu.htm
docs\phix\src\IupMenuItem.htm
docs\phix\src\IupMessage.htm
docs\phix\src\IupMessageAlarm.htm
docs\phix\src\IupMessageDlg.htm
docs\phix\src\IupMessageError.htm
docs\phix\src\IupMultiBox.htm
docs\phix\src\IupNormalizer.htm
docs\phix\src\IupOpen.htm
docs\phix\src\IupPopup.htm
docs\phix\src\IupPostMessage.htm
docs\phix\src\IupPlayInput.htm
docs\phix\src\IupPlot.htm
docs\phix\src\IupMglPlot.htm
docs\phix\src\IupProgressBar.htm
docs\phix\src\IupProgressDlg.htm
docs\phix\src\IupRadio.htm
docs\phix\src\IupRawStringPtr.htm
docs\phix\src\IupRecordInput.htm
docs\phix\src\IupRedraw.htm
docs\phix\src\IupRefresh.htm
docs\phix\src\IupRefreshChildren.htm
docs\phix\src\IupReparent.htm
docs\phix\src\IupResetAttribute.htm
docs\phix\src\IupSaveClassAttributes.htm
docs\phix\src\IupSbox.htm
docs\phix\src\IupScrollBox.htm
docs\phix\src\IupSeparator.htm
docs\phix\src\IupSetAttribute.htm
docs\phix\src\IupSetAttributeHandle.htm
docs\phix\src\IupSetStrAttribute.htm
docs\phix\src\IupSetAttributes.htm
docs\phix\src\IupSetCallback.htm
docs\phix\src\IupSetClassDefaultAttribute.htm
docs\phix\src\IupSetFocus.htm
docs\phix\src\IupSetGlobal.htm
docs\phix\src\IupSetGlobalFunction.htm
docs\phix\src\IupSetHandle.htm
docs\phix\src\IupSetLanguage.htm
docs\phix\src\IupShow.htm
docs\phix\src\IupShowXY.htm
docs\phix\src\IupSpace.htm
docs\phix\src\IupSpinBox.htm
docs\phix\src\IupSplit.htm
docs\phix\src\IupSubmenu.htm
docs\phix\src\IupTable.htm
docs\phix\src\IupTabs.htm
docs\phix\src\IupText.htm
docs\phix\src\IupTimer.htm
docs\phix\src\IupToggle.htm
docs\phix\src\IupTree.htm
docs\phix\src\IupTreeAddNodes.htm
docs\phix\src\IupTreeView.htm
docs\phix\src\IupUnmap.htm
docs\phix\src\IupUpdate.htm
docs\phix\src\IupUser.htm
docs\phix\src\IupValuator.htm
docs\phix\src\IupVbox.htm
docs\phix\src\IupWebBrowser.htm
docs\phix\src\IupZbox.htm

docs\phix\src\cdCreateCanvas.htm
docs\phix\src\cdCanvas.htm
docs\phix\src\cdCanvasActivate.htm
docs\phix\src\cdCanvasClear.htm
docs\phix\src\cdCanvasClip.htm
docs\phix\src\cdCanvasDeactivate.htm
docs\phix\src\cdCanvasLine.htm
docs\phix\src\cdCanvasMark.htm
docs\phix\src\cdCanvasOrigin.htm
docs\phix\src\cdCanvasSetForeground.htm
docs\phix\src\cdCanvasGetAttribute.htm
docs\phix\src\cdCanvasSetAttribute.htm
docs\phix\src\cdCanvasGetColorPlanes.htm
docs\phix\src\cdCanvasGetContext.htm
docs\phix\src\cdCanvasGetFont.htm
docs\phix\src\cdCanvasGetFontDim.htm
docs\phix\src\cdCanvasGetImageRGB.htm
docs\phix\src\cdCanvasGetOrigin.htm
docs\phix\src\cdCanvasGetSize.htm
docs\phix\src\cdCanvasGetTextBounds.htm
docs\phix\src\cdCanvasGetTextBox.htm
docs\phix\src\cdCanvasGetTextSize.htm
docs\phix\src\cdCanvasGetVectorTextBounds.htm
docs\phix\src\cdCanvasGetVectorTextSize.htm
docs\phix\src\cdCanvasInvertYAxis.htm
docs\phix\src\cdCanvasMM2Pixel.htm
docs\phix\src\cdCanvasBox.htm
docs\phix\src\cdCanvasArc.htm
docs\phix\src\cdCanvasBegin.htm
docs\phix\src\cdCanvasVertex.htm
docs\phix\src\cdCanvasEnd.htm
docs\phix\src\cdCanvasFont.htm
docs\phix\src\cdCanvasPalette.htm
docs\phix\src\cdCanvasPathSet.htm
docs\phix\src\cdCanvasPixel.htm
docs\phix\src\cdCanvasPixel2MM.htm
docs\phix\src\cdCanvasPlay.htm
docs\phix\src\cdCanvasPutImageRectRGB.htm
docs\phix\src\cdCanvasPutImImage.htm
docs\phix\src\cdCanvasRect.htm
docs\phix\src\cdCanvasRegionCombineMode.htm
docs\phix\src\cdCanvasRoundedBox.htm
docs\phix\src\cdCanvasRoundedRect.htm
docs\phix\src\cdCanvasSetNativeFont.htm
docs\phix\src\cdCanvasSimulate.htm
docs\phix\src\cdCanvasText.htm
docs\phix\src\cdCanvasTextAlignment.htm
docs\phix\src\cdCanvasTransform.htm
docs\phix\src\cdCanvasUpdateYAxis.htm
docs\phix\src\cdCanvasVectorText.htm
docs\phix\src\cdContextCaps.htm
docs\phix\src\cdContextRegisterCallback.htm
docs\phix\src\cdEncodeColor.htm
docs\phix\src\cdKillCanvas.htm
docs\phix\src\cdVersion.htm

docs\phix\src\opengl.htm
docs\phix\src\glBegin.htm
docs\phix\src\glBindTexture.htm
docs\phix\src\glCallList.htm
docs\phix\src\glClear.htm
docs\phix\src\glClearColor.htm
docs\phix\src\glClearDepth.htm
docs\phix\src\glColor.htm
docs\phix\src\glEnable.htm
docs\phix\src\glFinish.htm
docs\phix\src\glFlush.htm
docs\phix\src\glFrustum.htm
docs\phix\src\glGenTextures.htm
docs\phix\src\glGet.htm
docs\phix\src\glGetError.htm
docs\phix\src\glGetString.htm
docs\phix\src\glLight.htm
docs\phix\src\glLoadIdentity.htm
docs\phix\src\glMatrixMode.htm
docs\phix\src\glNormal.htm
docs\phix\src\glOrtho.htm
docs\phix\src\glPushMatrix.htm
docs\phix\src\glRotate.htm
docs\phix\src\glScale.htm
docs\phix\src\glShadeModel.htm
docs\phix\src\glTexCoord.htm
docs\phix\src\glTexImage2D.htm
docs\phix\src\glTexParameteri.htm
docs\phix\src\glTranslate.htm
docs\phix\src\gluLookAt.htm
docs\phix\src\gluPerspective.htm
docs\phix\src\gluUnProject.htm
docs\phix\src\glVertex.htm
docs\phix\src\glViewport.htm
docs\phix\src\wglGetProcAddress.htm

pwa\p2js.exw
pwa\p2js.js
pwa\pGUI.css
pwa\pGUI.js
pwa\Phib_Window.html
pwa\printf_tests.html
pwa\Simple_window.html 
pwa\builtins\mpfr.js
pwa\builtins\sha256.js
pwa\js\hello_world.html
pwa\js\IupTreeView.html
pwa\phix\adp.exw
pwa\phix\IupTreeView.exw
pwa\phix\IupTreeView2.exw
pwa\src\p2js_auto.e
pwa\src\p2js_basics.e
pwa\src\p2js_depend.e
pwa\src\p2js_emit.e
pwa\src\p2js_htmlise.e
pwa\src\p2js_keywords.e
pwa\src\p2js_parse.e
pwa\src\p2js_scope.e
pwa\src\p2js_tok.e
pwa\src\p2js_tree.e
pwa\src\test.exw
pwa\src\test.exw.exw
pwa\src\test.exw.js
pwa\src\test.js
pwa\src\test.js.exw
pwa\src\test.js.js

sfx\makesfx.exe
sfx\phix7zip.lst
sfx\phix\readme.txt
sfx\phix\Phix\*

test\t01type.exw
test\t02parms.exw
test\t03showt.exw
test\t04unary.exw
test\t05inc0.exw
test\t05inc0b.e
test\t06inc1.exw
test\t06inc1b.e
test\t07inc2.exw
test\t07inc2a.e
test\t07inc2b.e
test\t07inc2c.e
test\t07inc2d.e
test\t08inc22.exw
test\t08inc2a.e
test\t08inc2b.e
test\t08inc2c.e
test\t08inc2d.e
test\t09inc3.exw
test\t09inc31.e
test\t09inc32.e
test\t09inc3i.e
test\t09inc3j.e
test\t10inc4.exw
test\t10inc4a.e
test\t10inc4b.e
test\t10inc4c.e
test\t11inc5.exw
test\t12inc6.exw
test\t12inc6a.e
test\t12inc6b.e
test\t12inc6c.e
test\t13inc7.exw
test\t14inc8.exw
test\t15inc9.exw
test\t15inc9b.e
test\t15inc9c.e
test\t15inc9f.e
test\t16incD.exw
test\t17incV.exw
test\t18equal.exw
test\t19find.exw
test\t20cast.exw
test\t21ret1.exw
test\t22cmp.exw
test\t23subsc.exw
test\t24slice.exw
test\t25rmdr.exw
test\t26aprnd.exw
test\t27rpeat.exw
test\t28prntf.exw
test\t29for.exw
test\t30prime.exw
test\t31sce.exw
test\t32sprnt.exw
test\t33seqop.exw
test\t34andor.exw
test\t35cncat.exw
test\t36match.exw
test\t37misc.exw
test\t38bltns.exw
test\t39rndio.exw
test\t40rtnid.exw
test\t41infan.exw
test\t42cback.exw
test\t43tchk.exw
test\t44silly.exw
test\t45aod.exw
test\t46ltype.exw
test\t47ltth.exw
test\t48init.exw
test\t49ginfo.exw
test\t50gscan.exw
test\t51nstc.exw
test\t52oparm.exw
test\t53switch.exw
test\t54inc.exw
test\t54inca.e
test\t55incinc.exw
test\t56inc.exw
test\t56inca.e
test\t57masgn.exw
test\t58rtxt.exw
test\t59mri.exw
test\t60td.exw
test\t61cffi.exw
test\t62utf.exw
test\t63regex.exw
test\t64struct.exw
test\t65filter.exw
test\t66prec.exw
test\t67dicts.exw
test\t96jtyp.exw
test\t97mleak.exw
test\t98locks.exw
test\t99errs.exw
test\terror.exw
test\terrorX.exw
test\terror.txt
test\inc5\incD.e
test\inc5\t1.e
test\inc5\t2.e
test\inc7\alice.e
test\inc7\bob.e
test\inc7\chris.e
test\inc7\diane.e
test\inc7\Eric.exw
test\inc7\once.e
test\inc8\f0.exw
test\inc8\file1a.e
test\inc8\file1b.e
test\inc8\file2a.e
test\inc8\file2b.e
test\inc8\file2c.e
test\inc8\t59a.e
test\inc8\t59b.e
test\swtime.exw
test\swtime2.exw
test\trace.exw

