p.exw
pw.exe
ok.ico
ptick.ico
pcross.ico
copyright.txt
readme.txt
p2asm.e
pbinary.e
pcore.e
pdebug.e
pdiag.e
peama.ew
pemit.e
pemit2.e
perror.ew
pgets0.ew
pglobals.e
pgui.exw
phixzip.bat
ppw.bat
pilasm.e
pilx86.e
plist.e
pltype.e
pmain.e
pmsgs.e
pops.e
profile.e
psched.e
psym.e
pth.exw
ptok.e
pttree.e
Listdir.bat
Listdir.reg

bench\bench.exw
bench\Big_e
bench\euex.exw
bench\num_e.txt
bench\Big_e\big_e.ex
bench\Big_e\num_e.txt
bench\cf\cfibic.bat
bench\cf\cfibif.bat
bench\cf\cfibrc.bat
bench\cf\cfibrf.bat
bench\cf\chwf.bat
bench\cf\fibi.exw
bench\cf\fibic.c
bench\cf\fibic.exe
bench\cf\fibif.asm
bench\cf\fibr.exw
bench\cf\fibrc.c
bench\cf\fibrc.exe
bench\cf\fibrf.asm
bench\cf\hwf.asm
bench\cf\libtcc1.a
bench\cf\macro.inc
bench\cf\msvcrt.def
bench\cf\stddef.h
bench\cf\stdio.h
bench\cf\tcc.exe
bench\cf\_mingw.h
bench\shootout\Ackermann.ex
bench\shootout\bench.ex
bench\shootout\binary-trees.ex
bench\shootout\CHANGES.txt
bench\shootout\fannkuch.ex
bench\shootout\fasta.ex
bench\shootout\harmonic.ex
bench\shootout\mandelbrot.ex
bench\shootout\nbody.ex
bench\shootout\nbody2.ex
bench\shootout\nbody3.ex
bench\shootout\nsieve.ex
bench\shootout\partial-sums.ex
bench\shootout\random.ex
bench\shootout\readme.txt
bench\shootout\reverse-complement.ex
bench\shootout\reverse-complement2.ex
bench\shootout\startup.ex
bench\shootout\sumfile.ex
bench\shootout\sumfile.txt
bench\shootout\takfp.ex
bench\shootout\wc.ex
bench\shootout\wcinput.txt

builtins\base64.e
builtins\cffi.e
builtins\cffi.2.4.e
builtins\database.e
builtins\dll.e
builtins\factorial.e
builtins\file.e
builtins\gcd.e
builtins\get.e
builtins\graphics.e
builtins\image.e
builtins\log10.e
builtins\machine.e
builtins\misc.e
builtins\mouse.e
builtins\msgbox.e
builtins\pbreak.e
builtins\pcase.e
builtins\pcfunc.e
builtins\pchdir.e
builtins\pcmdln.e
builtins\pcolumn.e
builtins\pComN.ew
builtins\pcrash.e
builtins\pcritsec.e
builtins\pcurrdir.e
builtins\pdate.e
builtins\pdecodeflags.e
builtins\pdelete.e
builtins\pdir.e
builtins\pgetpath.e
builtins\peekstr.e
builtins\penv.e
builtins\permute.e
builtins\pfindany.e
builtins\pfileio.e
builtins\fileopenN.ew
builtins\pflatten.e
builtins\pfloat.e
builtins\pincpathN.e
builtins\platform.e
builtins\pmach.e
builtins\pmaths.e
builtins\pmt.e
builtins\pokestr.e
builtins\porall.e
builtins\ppoke2.e
builtins\ppp.e
builtins\pprntf.e
builtins\rnd.e
builtins\premoveall.e
builtins\prtnid.e
builtins\pscreen.e
builtins\pseqc.e
builtins\psmall.e
builtins\psplit.e
builtins\psprint.e
builtins\psqop.e
builtins\ptagset.e
builtins\ptask.e
builtins\pthread.e
builtins\ptrim.e
builtins\puts1h.e
builtins\pvlookup.e
builtins\read_lines.e
builtins\safe.e
builtins\shuffle.e
builtins\sort.e
builtins\substitute.e
builtins\syswait.ew
builtins\timestamp.ew
builtins\unicode.ew
builtins\wildcard.e
builtins\write_file.e
builtins\WINCONST.EW

builtins\VM\optable.e
builtins\VM\puts1.e
builtins\VM\pHeap.e
builtins\VM\pStack.e
builtins\VM\pFEH.e
builtins\VM\pFPU.e
builtins\VM\pUnassigned.e
builtins\VM\pDiagN.e
builtins\VM\pTrace.e
builtins\VM\pProfile.e
builtins\VM\pDeleteN.e
builtins\VM\pApnd.e
builtins\VM\pcfuncN.e
builtins\VM\pfileioN.e
builtins\VM\pFind.e
builtins\VM\pFixup.e
builtins\VM\pJcc.e
builtins\VM\pJnotx.e
builtins\VM\pLen.e
builtins\VM\pMatch.e
builtins\VM\pMath.e
builtins\VM\pMem.e
builtins\VM\pMemChk.e
builtins\VM\pPower.e
builtins\VM\pprntfN.e
builtins\VM\pRepeatN.e
builtins\VM\pRepeN.e
builtins\VM\pRepsN.e
builtins\VM\pRmdr.e
builtins\VM\psprintN.e
builtins\VM\pSubseN.e
builtins\VM\pSubssN.e
builtins\VM\pType.e
builtins\VM\pUnary.e
builtins\VM\pXor.e
builtins\VM\pcmdlnN.e
builtins\VM\pFloatN.e
builtins\VM\pInstance.e
builtins\VM\pMkSqN.e
builtins\VM\pRand.e
builtins\VM\prtnidN.e
builtins\VM\pSleep.e
builtins\VM\pTime.e
builtins\VM\pTrig.e

demo\align.exw
demo\allsorts.exw
demo\ascii.exw
demo\asmtime.exw
demo\best.exw
demo\box.exw
demo\cbr.exw
demo\cbtest.exw
demo\CircularBuffer.exw
demo\color.exw
demo\colourmatch.exw
demo\columns.exw
demo\combo.exw
demo\cpuid.exw
demo\cursor.exw
demo\db01.exw
demo\dirc.exw
demo\dos.exw
demo\eicar.exw
demo\enumfont.exw
demo\enumproc.exw
demo\filesort.exw
demo\flvmerge.exw
demo\goto.exw
demo\hangman.exw
demo\hd.exw
demo\HelloUTF8.exw
demo\lnklst.exw
demo\ltpack.exw
demo\mandle.exw
demo\mergesort.exw
demo\msgbox.exw
demo\permutes.exw
demo\pewe.exw
demo\pi.exw
demo\rdtsc.exw
demo\sanity.exw
demo\scroll.exw
demo\showdate.exw
demo\tagsort.exw
demo\takeuchi.exw
demo\test9.exw
demo\unixdict.txt
demo\window.exw
demo\winwire.exw

demo\Arwen\Arwen.ew
demo\Arwen\axtra.ew
demo\Arwen\classes.ew
demo\Arwen\Constants.ew
demo\Arwen\dib256.ew
demo\Arwen\dll_links.ew
demo\Arwen\message_box.ew
demo\Arwen\misc_arwen.e
demo\Arwen\Quick_Allocations.ew
demo\Arwen\structures.ew
demo\Arwen\imagelists.ew
demo\Arwen\pFreg.ew

demo\Arwen32dibdemo\arwen.ew
demo\Arwen32dibdemo\demo.bmp
demo\Arwen32dibdemo\demo2.bmp
demo\Arwen32dibdemo\demo_cube.exw
demo\Arwen32dibdemo\feedback.exw
demo\Arwen32dibdemo\files.txt
demo\Arwen32dibdemo\history.htm
demo\Arwen32dibdemo\manip.exw
demo\Arwen32dibdemo\polydib.exw
demo\Arwen32dibdemo\scaledib.exw
demo\Arwen32dibdemo\scrnshot.exw
demo\Arwen32dibdemo\shadepol.exw
demo\Arwen32dibdemo\tiledib.exw
demo\Arwen32dibdemo\a32dclip.ew
demo\Arwen32dibdemo\a32dcolr.ew
demo\Arwen32dibdemo\a32dcore.ew
demo\Arwen32dibdemo\a32dfltr.ew
demo\Arwen32dibdemo\a32dgeom.ew
demo\Arwen32dibdemo\a32dpoly.ew
demo\Arwen32dibdemo\arwen32dib.ew
demo\Arwen32dibdemo\arwen32dib.htm

demo\arwendemo\arwen.ew
demo\arwendemo\ball.exw
demo\arwendemo\boids3d.exw
demo\arwendemo\boids3d.e
demo\arwendemo\boxes.exw
demo\arwendemo\bug003.exw
demo\arwendemo\clip.exw
demo\arwendemo\demo_controls.exw
demo\arwendemo\demo_curve_fit.bmp
demo\arwendemo\demo_curve_fit.exw
demo\arwendemo\demo_idle.exw
demo\arwendemo\demo_lbfc.exw
demo\arwendemo\demo_lines.exw
demo\arwendemo\demo_lists.exw
demo\arwendemo\demo_listview.exw
demo\arwendemo\demo_memo.exw
demo\arwendemo\demo_menus.exw
demo\arwendemo\demo_menus_od.exw
demo\arwendemo\demo_minmax.exw
demo\arwendemo\demo_msgtraps.exw
demo\arwendemo\demo_progress.exw
demo\arwendemo\demo_resizing.exw
demo\arwendemo\demo_sysmenu.exw
demo\arwendemo\demo_tabs.exw
demo\arwendemo\demo_timer.exw
demo\arwendemo\demo_title.exw
demo\arwendemo\demo_toolbar.bmp
demo\arwendemo\demo_toolbar.exw
demo\arwendemo\demo_treeview.exw
demo\arwendemo\demo_viewer.exw
demo\arwendemo\demo_vtext.exw
demo\arwendemo\demo_wirecube.exw
demo\arwendemo\demo_xpm.exw
demo\arwendemo\dib32.ew
demo\arwendemo\dpnchit01.exw
demo\arwendemo\dpnchit02.exw
demo\arwendemo\dpnchit03.exw
demo\arwendemo\dpnchit04.exw
demo\arwendemo\filedumpN.exw
demo\arwendemo\FlatToolBar.exw
demo\arwendemo\generica.exw
demo\arwendemo\grable.exw
demo\arwendemo\GraphR.exw
demo\arwendemo\greg.exw
demo\arwendemo\life.exw
demo\arwendemo\lightbulb.ico
demo\arwendemo\mandel.exw
demo\arwendemo\mmsd.exw
demo\arwendemo\Poly.exw
demo\arwendemo\resize.exw
demo\arwendemo\scowel.exw
demo\arwendemo\scratchg.exw
demo\arwendemo\scroller.exw
demo\arwendemo\TBAR_XPM.E
demo\arwendemo\test.exw
demo\arwendemo\tooltip.exw
demo\arwendemo\Wstyles.exw

demo\arwendemo\pgui\pgdb.ew
demo\arwendemo\pgui\pgdemo.ew
demo\arwendemo\pgui\pglicence.ew
demo\arwendemo\pgui\pgsetup.ew

demo\arwenpcomdemo\fileopen.exw

demo\DemoResources\CLSDFOLD.ICO
demo\DemoResources\DISK05.ICO
demo\DemoResources\DISK06.ICO
demo\DemoResources\DISKS04.ICO
demo\DemoResources\HAND.BMP
demo\DemoResources\HAPPY.BMP
demo\DemoResources\ICON01.ICO
demo\DemoResources\ICON02.ICO
demo\DemoResources\ICON03.ICO
demo\DemoResources\ICON04.ICO
demo\DemoResources\ICON05.ICO
demo\DemoResources\OPENFOLD.ICO
demo\DemoResources\PILCROW.ICO

demo\edita\95.ICO
demo\edita\eacons.exw
demo\edita\eaini.e
demo\edita\ealtest.exw
demo\edita\eama.ew
demo\edita\eamacro.ew
demo\edita\eamenus.ew
demo\edita\eawpaint.exw
demo\edita\edita.exw
demo\edita\ini.e
demo\edita\pFinet.ew
demo\edita\pFlist.ew
demo\edita\pFreg.ew
demo\edita\pFsm.ew
demo\edita\pFTP.bmp
demo\edita\pFTP.exw
demo\edita\welcome.txt
demo\edita\readme.txt
demo\edita\tedb.exw
demo\edita\vedb.exw
demo\edita\bitmaps\eatools.bmp
demo\edita\help\Phix.txt
demo\edita\lang\elng_DEU.txt
demo\edita\lang\elng_ENA.txt
demo\edita\lang\elng_ENC.txt
demo\edita\lang\elng_ENG.exh
demo\edita\lang\elng_ENG.txt
demo\edita\lang\elng_ENI.txt
demo\edita\lang\elng_ENU.txt
demo\edita\lang\elng_ENZ.txt
demo\edita\lang\elng_ESN.txt
demo\edita\lang\elng_ESO.txt
demo\edita\lang\elng_FIN.txt
demo\edita\lang\elng_FRA.txt
demo\edita\lang\elng_ITA.txt
demo\edita\lang\elng_NLD.txt
demo\edita\lang\elng_PTG.txt
demo\edita\lang\locales.txt
demo\edita\src\arconst.e
demo\edita\src\dbval.e
demo\edita\src\eabind.ew
demo\edita\src\eacca.e
demo\edita\src\eacflow.e
demo\edita\src\eaclip.ew
demo\edita\src\eacolor.ew
demo\edita\src\eacomp.ew
demo\edita\src\eacons.ew
demo\edita\src\eadadj.e
demo\edita\src\eadir.ew
demo\edita\src\eaedb.e
demo\edita\src\eaerr.e
demo\edita\src\eaerr.exw
demo\edita\src\eaerror.ew
demo\edita\src\eafext.ew
demo\edita\src\eafif.ew
demo\edita\src\eafind.ew
demo\edita\src\eafonts.ew
demo\edita\src\eaisense.ew
demo\edita\src\eamarea.ew
demo\edita\src\eamisc.e
demo\edita\src\eamncode.e
demo\edita\src\eaopts.ew
demo\edita\src\eaplan9.e
demo\edita\src\eaqj.ew
demo\edita\src\earein.ew
demo\edita\src\eareinh.ew
demo\edita\src\eascan.e
demo\edita\src\easinst.ew
demo\edita\src\easynclr.e
demo\edita\src\easynclr2.e
demo\edita\src\easynld.e
demo\edita\src\eatabl.e
demo\edita\src\eatabs.e
demo\edita\src\eaundo.ew
demo\edita\src\eauto.e
demo\edita\src\eaxlate.e
demo\edita\src\eaxutil.ew
demo\edita\syn\bat.clr
demo\edita\syn\bat.syn
demo\edita\syn\C.clr
demo\edita\syn\C.syn
demo\edita\syn\Delphi.syn
demo\edita\syn\Euphoria.clr
demo\edita\syn\Euphoria.syn
demo\edita\syn\FASM.clr
demo\edita\syn\FASM.syn
demo\edita\syn\Html.clr
demo\edita\syn\Html.syn
demo\edita\syn\Java.syn
demo\edita\syn\js.syn
demo\edita\syn\None.clr
demo\edita\syn\None.syn
demo\edita\syn\perl.clr
demo\edita\syn\perl.syn
demo\edita\syn\Python.clr
demo\edita\syn\Python.syn
demo\edita\syn\Ruby.clr
demo\edita\syn\Ruby.syn
demo\edita\syn\SQL.clr
demo\edita\syn\SQL.syn

demo\eubnf\eubnf.exw
demo\eubnf\token.e
demo\eubnf\builtin.exh

demo\eucomdemo\browser.exw

demo\pIUP\pIUP.e
demo\pIUP\alarm.exw
demo\pIUP\cdtest.exw

demo\rosetta\_rosetta.txt
demo\rosetta\100doors.exw
demo\rosetta\2048.exw
demo\rosetta\24_game.exw
demo\rosetta\24_game_solve.exw
demo\rosetta\99bottles.exw
demo\rosetta\9billionnames.exw
demo\rosetta\ABC.exw
demo\rosetta\Ackermann.exw
demo\rosetta\AddrVar.exw
demo\rosetta\AKSprimes.exw
demo\rosetta\AlignColumns.exw
demo\rosetta\Aliquot.exw
demo\rosetta\AmicablePairs.exw
demo\rosetta\AlmostPrime.exw
demo\rosetta\AlmostPrimeC.exw
demo\rosetta\Amb.exw
demo\rosetta\Amb2.exw
demo\rosetta\Anagrams.exw
demo\rosetta\Animation.exw
demo\rosetta\animate_pendulum.exw
demo\rosetta\AplusB.exw
demo\rosetta\apply.exw
demo\rosetta\ArithComplex.exw
demo\rosetta\ArithInteger.exw
demo\rosetta\Arithmetic_evaluation.exw
demo\rosetta\Arithmetic_geometric.exw
demo\rosetta\Arrays.exw
demo\rosetta\Ascii3D.exw
demo\rosetta\Average_loop_length.exw
demo\rosetta\Averages_ArithmeticMean.exw
demo\rosetta\Averages_MeanAngle.exw
demo\rosetta\Averages_MeanTimes.exw
demo\rosetta\Averages_Median.exw
demo\rosetta\Averages_Mode.exw
demo\rosetta\Averages_PythagoreanMeans.exw
demo\rosetta\Averages_RootMeanSquare.exw
demo\rosetta\Averages_SimpleMovingAverage.exw
demo\rosetta\Balanced_brackets.exw
demo\rosetta\Bitmap.exw
demo\rosetta\Bitmap_BezierCubic.exw
demo\rosetta\Bitmap_BezierQuadratic.exw
demo\rosetta\Bitmap_Circle.exw
demo\rosetta\Bitmap_FloodFill.exw
demo\rosetta\Bitmap_Greyscale.exw
demo\rosetta\Bitmap_Histogram.exw
demo\rosetta\Bitmap_read_ppm.exw
demo\rosetta\Bitmap_write_ppm.exw
demo\rosetta\Bresenham_line.exw
demo\rosetta\Catalan_numbers.exw
demo\rosetta\Catalan_numbers_Pascals_triangle.exw
demo\rosetta\Combinations.exw
demo\rosetta\Concurrent.exw
demo\rosetta\crc32.exw
demo\rosetta\Day_of_the_week.exw
demo\rosetta\DerangedAnagrams.exw
demo\rosetta\DiningPhilosophers.exw
demo\rosetta\draw_cuboid.exw
demo\rosetta\Execute_BrainFrick.exw
demo\rosetta\fibonacci.exw
demo\rosetta\gcd.exw
demo\rosetta\honeycomb.exw
demo\rosetta\Hopido.exw
demo\rosetta\Knights_Tour.exw
demo\rosetta\LangtonsAnt.exw
demo\rosetta\Long_multiplication.exw
demo\rosetta\morse.exw
demo\rosetta\morse0.exw
demo\rosetta\Perfect_numbers.exw
demo\rosetta\ProperDivisors.exw
demo\rosetta\QuickSelect.exw
demo\rosetta\RockPaperScissors.exw
demo\rosetta\Roman_decode.exw
demo\rosetta\Roman_encode.exw
demo\rosetta\S_Expressions.exw
demo\rosetta\Standard_deviation.exw
demo\rosetta\Sudoku.exw
demo\rosetta\Synchronous_concurrency.exw
demo\rosetta\Tic_tac_toe.exw
demo\rosetta\Tree_traversal.exw
demo\rosetta\Window_creation.exw
demo\rosetta\XML_Output.exw

demo\tinEWGdemo\tinewg.ew
demo\tinEWGdemo\tinEWG_const.ew
demo\tinEWGdemo\movewin.exw
demo\tinEWGdemo\poly.exw
demo\tinEWGdemo\tindemo\clock.exw
demo\tinEWGdemo\tindemo\groups.exw
demo\tinEWGdemo\tindemo\menudemo.exw
demo\tinEWGdemo\tindemo\popupmenu1.exw
demo\tinEWGdemo\tindemo\words.txt

demo\xpm\run.xpm
demo\xpm\close_hex.bmp

demo\win32lib6\win32lib.ew
demo\win32lib6\w32keys.e
demo\win32lib6\w32msgs.e
demo\win32lib6\series.e
demo\win32lib6\w32gdi.ew
demo\win32lib6\w32user.ew
demo\win32lib6\w32winmm.ew
demo\win32lib6\w32comdlg.ew
demo\win32lib6\w32comctl.ew
demo\win32lib6\w32Kernel.ew
demo\win32lib6\w32Shell.ew
demo\win32lib6\w32ole.ew

demo\win32lib6\w32support.e
demo\win32lib6\w32dll.ew
demo\win32lib6\w32file.ew
demo\win32lib6\w32advapi.ew
demo\win32lib6\rttext.e
demo\win32lib6\options.e
demo\win32lib6\compat01.ew
demo\win32lib6\w32tk.e

demo\Win32Demo\Advanc.exw
demo\Win32Demo\appselect.exw
demo\Win32Demo\boids3d.exw
demo\Win32Demo\boids3d.e
demo\Win32Demo\boxes.exw
demo\Win32Demo\clip.exw
demo\Win32Demo\fileprop.exw
demo\Win32Demo\FlatToolBar.exw
demo\Win32Demo\generic.exw
demo\Win32Demo\greg.exw
demo\Win32Demo\kaleidoscope.exw
demo\Win32Demo\life.exw
demo\Win32Demo\ListViewStyles2.exw
demo\Win32Demo\minmax.exw
demo\Win32Demo\MonthCalendar.exw
demo\Win32Demo\parsexpm.exw
demo\Win32Demo\randdots.exw
demo\Win32Demo\ReBar.exw
demo\Win32Demo\scroller.exw
demo\Win32Demo\simple_flatToolBar.exw
demo\Win32Demo\star.exw
demo\Win32Demo\title.exw
demo\Win32Demo\ToolBar.exw
demo\Win32Demo\tooltip.exw
demo\Win32Demo\tooltip_dynamic.exw
demo\Win32Demo\tvclick.exw
demo\Win32Demo\win32lib.ew
demo\Win32Demo\Wstyles.exw
demo\Win32Demo\XPthemes.exw

docs\jmplbl.txt
docs\posmods.txt
docs\switch.txt
docs\LinuxSyscallReference.txt
docs\lsct64.txt
docs\fasm.txt
docs\phix\Combined.css
docs\phix\Common.js
docs\phix\header_01.jpg
docs\phix\header_02.jpg
docs\phix\hhc.exe
docs\phix\makephix.exw
docs\phix\phix.hhp
docs\phix\Phix.txt
docs\phix\Phix.chm
docs\phix\html\combined.css
docs\phix\html\common.js
docs\phix\images\sprites\caution.png
docs\phix\images\sprites\clear.png
docs\phix\images\sprites\important.png
docs\phix\images\sprites\note.png
docs\phix\images\sprites\security.png
docs\phix\images\sprites\sidebar.close.png
docs\phix\images\sprites\sidebar.widen.png
docs\phix\images\sprites\tech.close.png
docs\phix\images\sprites\tech.open.png
docs\phix\images\sprites\wedge.png
docs\phix\images\align.gif
docs\phix\images\arc.gif
docs\phix\images\bezier.gif
docs\phix\images\getparam.png
docs\phix\images\iupframe.png
docs\phix\images\iuptabs_win2k_top.png
docs\phix\images\iuptabs_winxp_top.png
docs\phix\images\iuptabs_win2k_left.png
docs\phix\images\iuptabs_winxp_left.png
docs\phix\images\iuptabs_win2k_top_multi.png
docs\phix\images\iuptabs_winxp_top_multi.png
docs\phix\images\iuptabs_gtk_top.png
docs\phix\images\iuptabs_gtk_left.png
docs\phix\images\iuptabs_gtk_top_vert.png
docs\phix\images\iuptabs_gtk_left_vert.png
docs\phix\images\iuptabs_mot_top.png
docs\phix\images\iuptabs_mot_left.png
docs\phix\images\iuptree.png
docs\phix\images\font_dim.gif
docs\phix\images\ksk-smile.png
docs\phix\images\mdi.gif
docs\phix\images\p-cp.png
docs\phix\images\polygon.gif
docs\phix\images\sector.gif
docs\phix\images\imglib\BaseLib\GTK_24x24\gtk-apply.png
docs\phix\images\imglib\BaseLib\GTK_24x24\gtk-cancel.png
docs\phix\images\imglib\BaseLib\GTK_24x24\gtk-copy.png
docs\phix\images\imglib\BaseLib\GTK_24x24\gtk-cut.png
docs\phix\images\imglib\BaseLib\GTK_24x24\gtk-delete.png
docs\phix\images\imglib\BaseLib\GTK_24x24\gtk-directory.png
docs\phix\images\imglib\BaseLib\GTK_24x24\gtk-find.png
docs\phix\images\imglib\BaseLib\GTK_24x24\gtk-fullscreen.png
docs\phix\images\imglib\BaseLib\GTK_24x24\gtk-go-back-ltr.png
docs\phix\images\imglib\BaseLib\GTK_24x24\gtk-go-down.png
docs\phix\images\imglib\BaseLib\GTK_24x24\gtk-go-forward-ltr.png
docs\phix\images\imglib\BaseLib\GTK_24x24\gtk-go-up.png
docs\phix\images\imglib\BaseLib\GTK_24x24\gtk-help.png
docs\phix\images\imglib\BaseLib\GTK_24x24\gtk-home.png
docs\phix\images\imglib\BaseLib\GTK_24x24\gtk-info.png
docs\phix\images\imglib\BaseLib\GTK_24x24\gtk-media-forward-ltr.png
docs\phix\images\imglib\BaseLib\GTK_24x24\gtk-media-next-ltr.png
docs\phix\images\imglib\BaseLib\GTK_24x24\gtk-media-pause.png
docs\phix\images\imglib\BaseLib\GTK_24x24\gtk-media-play-ltr.png
docs\phix\images\imglib\BaseLib\GTK_24x24\gtk-media-play-rtl.png
docs\phix\images\imglib\BaseLib\GTK_24x24\gtk-media-previous-ltr.png
docs\phix\images\imglib\BaseLib\GTK_24x24\gtk-media-record.png
docs\phix\images\imglib\BaseLib\GTK_24x24\gtk-media-rewind-ltr.png
docs\phix\images\imglib\BaseLib\GTK_24x24\gtk-media-stop.png
docs\phix\images\imglib\BaseLib\GTK_24x24\gtk-new.png
docs\phix\images\imglib\BaseLib\GTK_24x24\gtk-open.png
docs\phix\images\imglib\BaseLib\GTK_24x24\gtk-paste.png
docs\phix\images\imglib\BaseLib\GTK_24x24\gtk-preferences.png
docs\phix\images\imglib\BaseLib\GTK_24x24\gtk-print-preview.png
docs\phix\images\imglib\BaseLib\GTK_24x24\gtk-print.png
docs\phix\images\imglib\BaseLib\GTK_24x24\gtk-properties.png
docs\phix\images\imglib\BaseLib\GTK_24x24\gtk-redo-ltr.png
docs\phix\images\imglib\BaseLib\GTK_24x24\gtk-refresh.png
docs\phix\images\imglib\BaseLib\GTK_24x24\gtk-save.png
docs\phix\images\imglib\BaseLib\GTK_24x24\gtk-select-color.png
docs\phix\images\imglib\BaseLib\GTK_24x24\gtk-sort-ascending.png
docs\phix\images\imglib\BaseLib\GTK_24x24\gtk-sort-descending.png
docs\phix\images\imglib\BaseLib\GTK_24x24\gtk-stop.png
docs\phix\images\imglib\BaseLib\GTK_24x24\gtk-undo-ltr.png
docs\phix\images\imglib\BaseLib\GTK_24x24\gtk-zoom-100.png
docs\phix\images\imglib\BaseLib\GTK_24x24\gtk-zoom-fit.png
docs\phix\images\imglib\BaseLib\GTK_24x24\gtk-zoom-in.png
docs\phix\images\imglib\BaseLib\GTK_24x24\gtk-zoom-out.png
docs\phix\images\imglib\BaseLib\Motif_16x16_8bpp\ActionCancel8.gif
docs\phix\images\imglib\BaseLib\Motif_16x16_8bpp\ActionOk8.gif
docs\phix\images\imglib\BaseLib\Motif_16x16_8bpp\ArrowDown8.gif
docs\phix\images\imglib\BaseLib\Motif_16x16_8bpp\ArrowLeft8.gif
docs\phix\images\imglib\BaseLib\Motif_16x16_8bpp\ArrowRight8.gif
docs\phix\images\imglib\BaseLib\Motif_16x16_8bpp\ArrowUp8.gif
docs\phix\images\imglib\BaseLib\Motif_16x16_8bpp\EditCopy8.gif
docs\phix\images\imglib\BaseLib\Motif_16x16_8bpp\EditCut8.gif
docs\phix\images\imglib\BaseLib\Motif_16x16_8bpp\EditErase8.gif
docs\phix\images\imglib\BaseLib\Motif_16x16_8bpp\EditFind8.gif
docs\phix\images\imglib\BaseLib\Motif_16x16_8bpp\EditPaste8.gif
docs\phix\images\imglib\BaseLib\Motif_16x16_8bpp\EditRedo8.gif
docs\phix\images\imglib\BaseLib\Motif_16x16_8bpp\EditUndo8.gif
docs\phix\images\imglib\BaseLib\Motif_16x16_8bpp\FileClose8.gif
docs\phix\images\imglib\BaseLib\Motif_16x16_8bpp\FileNew8.gif
docs\phix\images\imglib\BaseLib\Motif_16x16_8bpp\FileOpen8.gif
docs\phix\images\imglib\BaseLib\Motif_16x16_8bpp\FileProperties8.gif
docs\phix\images\imglib\BaseLib\Motif_16x16_8bpp\FileSave8.gif
docs\phix\images\imglib\BaseLib\Motif_16x16_8bpp\MediaForward8.gif
docs\phix\images\imglib\BaseLib\Motif_16x16_8bpp\MediaGotoBegin8.gif
docs\phix\images\imglib\BaseLib\Motif_16x16_8bpp\MediaGoToEnd8.gif
docs\phix\images\imglib\BaseLib\Motif_16x16_8bpp\MediaPause8.gif
docs\phix\images\imglib\BaseLib\Motif_16x16_8bpp\MediaPlay8.gif
docs\phix\images\imglib\BaseLib\Motif_16x16_8bpp\MediaRecord8.gif
docs\phix\images\imglib\BaseLib\Motif_16x16_8bpp\MediaReverse8.gif
docs\phix\images\imglib\BaseLib\Motif_16x16_8bpp\MediaRewind8.gif
docs\phix\images\imglib\BaseLib\Motif_16x16_8bpp\MediaStop8.gif
docs\phix\images\imglib\BaseLib\Motif_16x16_8bpp\MessageError8.gif
docs\phix\images\imglib\BaseLib\Motif_16x16_8bpp\MessageHelp8.gif
docs\phix\images\imglib\BaseLib\Motif_16x16_8bpp\MessageInfo8.gif
docs\phix\images\imglib\BaseLib\Motif_16x16_8bpp\NavigateHome8.gif
docs\phix\images\imglib\BaseLib\Motif_16x16_8bpp\NavigateRefresh8.gif
docs\phix\images\imglib\BaseLib\Motif_16x16_8bpp\Print8.gif
docs\phix\images\imglib\BaseLib\Motif_16x16_8bpp\PrintPreview8.gif
docs\phix\images\imglib\BaseLib\Motif_16x16_8bpp\ToolsColor8.gif
docs\phix\images\imglib\BaseLib\Motif_16x16_8bpp\ToolsSettings8.gif
docs\phix\images\imglib\BaseLib\Motif_16x16_8bpp\ToolsSortAscend8.gif
docs\phix\images\imglib\BaseLib\Motif_16x16_8bpp\ToolsSortDescend8.gif
docs\phix\images\imglib\BaseLib\Motif_16x16_8bpp\ViewFullScreen8.gif
docs\phix\images\imglib\BaseLib\Motif_16x16_8bpp\ZoomActualSize8.gif
docs\phix\images\imglib\BaseLib\Motif_16x16_8bpp\ZoomIn8.gif
docs\phix\images\imglib\BaseLib\Motif_16x16_8bpp\ZoomOut8.gif
docs\phix\images\imglib\BaseLib\Motif_16x16_8bpp\ZoomSelection8.gif
docs\phix\images\imglib\BaseLib\Windows_32x32\ActionCancel.png
docs\phix\images\imglib\BaseLib\Windows_32x32\ActionOk.png
docs\phix\images\imglib\BaseLib\Windows_32x32\ArrowDown.png
docs\phix\images\imglib\BaseLib\Windows_32x32\ArrowLeft.png
docs\phix\images\imglib\BaseLib\Windows_32x32\ArrowRight.png
docs\phix\images\imglib\BaseLib\Windows_32x32\ArrowUp.png
docs\phix\images\imglib\BaseLib\Windows_32x32\EditCopy.png
docs\phix\images\imglib\BaseLib\Windows_32x32\EditCut.png
docs\phix\images\imglib\BaseLib\Windows_32x32\EditErase.png
docs\phix\images\imglib\BaseLib\Windows_32x32\EditFind.png
docs\phix\images\imglib\BaseLib\Windows_32x32\EditPaste.png
docs\phix\images\imglib\BaseLib\Windows_32x32\EditRedo.png
docs\phix\images\imglib\BaseLib\Windows_32x32\EditUndo.png
docs\phix\images\imglib\BaseLib\Windows_32x32\FileClose.png
docs\phix\images\imglib\BaseLib\Windows_32x32\FileNew.png
docs\phix\images\imglib\BaseLib\Windows_32x32\FileOpen.png
docs\phix\images\imglib\BaseLib\Windows_32x32\FileProperties.png
docs\phix\images\imglib\BaseLib\Windows_32x32\FileSave.png
docs\phix\images\imglib\BaseLib\Windows_32x32\MediaForward.png
docs\phix\images\imglib\BaseLib\Windows_32x32\MediaGotoBegin.png
docs\phix\images\imglib\BaseLib\Windows_32x32\MediaGoToEnd.png
docs\phix\images\imglib\BaseLib\Windows_32x32\MediaPause.png
docs\phix\images\imglib\BaseLib\Windows_32x32\MediaPlay.png
docs\phix\images\imglib\BaseLib\Windows_32x32\MediaRecord.png
docs\phix\images\imglib\BaseLib\Windows_32x32\MediaReverse.png
docs\phix\images\imglib\BaseLib\Windows_32x32\MediaRewind.png
docs\phix\images\imglib\BaseLib\Windows_32x32\MediaStop.png
docs\phix\images\imglib\BaseLib\Windows_32x32\MessageError.png
docs\phix\images\imglib\BaseLib\Windows_32x32\MessageHelp.png
docs\phix\images\imglib\BaseLib\Windows_32x32\MessageInfo.png
docs\phix\images\imglib\BaseLib\Windows_32x32\NavigateHome.png
docs\phix\images\imglib\BaseLib\Windows_32x32\NavigateRefresh.png
docs\phix\images\imglib\BaseLib\Windows_32x32\Print.png
docs\phix\images\imglib\BaseLib\Windows_32x32\PrintPreview.png
docs\phix\images\imglib\BaseLib\Windows_32x32\ToolsColor.png
docs\phix\images\imglib\BaseLib\Windows_32x32\ToolsSettings.png
docs\phix\images\imglib\BaseLib\Windows_32x32\ToolsSortAscend.png
docs\phix\images\imglib\BaseLib\Windows_32x32\ToolsSortDescend.png
docs\phix\images\imglib\BaseLib\Windows_32x32\ViewFullScreen.png
docs\phix\images\imglib\BaseLib\Windows_32x32\ZoomActualSize.png
docs\phix\images\imglib\BaseLib\Windows_32x32\ZoomIn.png
docs\phix\images\imglib\BaseLib\Windows_32x32\ZoomOut.png
docs\phix\images\imglib\BaseLib\Windows_32x32\ZoomSelection.png
docs\phix\images\imglib\Icons\GTK_48x48\gtk-dialog-authentication.png
docs\phix\images\imglib\Icons\GTK_48x48\gtk-dialog-error.png
docs\phix\images\imglib\Icons\GTK_48x48\gtk-dialog-info.png
docs\phix\images\imglib\Icons\GTK_48x48\gtk-dialog-question.png
docs\phix\images\imglib\Icons\GTK_48x48\gtk-dialog-warning.png
docs\phix\images\imglib\Icons\Windows_32x32\AttachFile.png
docs\phix\images\imglib\Icons\Windows_32x32\Book.png
docs\phix\images\imglib\Icons\Windows_32x32\BusinessCard.png
docs\phix\images\imglib\Icons\Windows_32x32\Calendar.png
docs\phix\images\imglib\Icons\Windows_32x32\Charts.png
docs\phix\images\imglib\Icons\Windows_32x32\Checkmark.png
docs\phix\images\imglib\Icons\Windows_32x32\Clipboard.png
docs\phix\images\imglib\Icons\Windows_32x32\Clock.png
docs\phix\images\imglib\Icons\Windows_32x32\ColorPicker.png
docs\phix\images\imglib\Icons\Windows_32x32\DeviceComputer.png
docs\phix\images\imglib\Icons\Windows_32x32\DeviceMonitor.png
docs\phix\images\imglib\Icons\Windows_32x32\DeviceVideo.png
docs\phix\images\imglib\Icons\Windows_32x32\DeviceWebcam.png
docs\phix\images\imglib\Icons\Windows_32x32\Engine.png
docs\phix\images\imglib\Icons\Windows_32x32\Envelope.png
docs\phix\images\imglib\Icons\Windows_32x32\Erase.png
docs\phix\images\imglib\Icons\Windows_32x32\FillColor.png
docs\phix\images\imglib\Icons\Windows_32x32\Filter.png
docs\phix\images\imglib\Icons\Windows_32x32\Flag.png
docs\phix\images\imglib\Icons\Windows_32x32\Function.png
docs\phix\images\imglib\Icons\Windows_32x32\Globe.png
docs\phix\images\imglib\Icons\Windows_32x32\Gridlines.png
docs\phix\images\imglib\Icons\Windows_32x32\Hand.png
docs\phix\images\imglib\Icons\Windows_32x32\image.png
docs\phix\images\imglib\Icons\Windows_32x32\Key.png
docs\phix\images\imglib\Icons\Windows_32x32\ListCollapsed.png
docs\phix\images\imglib\Icons\Windows_32x32\ListExpanded.png
docs\phix\images\imglib\Icons\Windows_32x32\Lock.png
docs\phix\images\imglib\Icons\Windows_32x32\Map.png
docs\phix\images\imglib\Icons\Windows_32x32\Microphone.png
docs\phix\images\imglib\Icons\Windows_32x32\Music.png
docs\phix\images\imglib\Icons\Windows_32x32\Notebook.png
docs\phix\images\imglib\Icons\Windows_32x32\Notepad.png
docs\phix\images\imglib\Icons\Windows_32x32\PageMargins.png
docs\phix\images\imglib\Icons\Windows_32x32\Ruler.png
docs\phix\images\imglib\Icons\Windows_32x32\Screen.png
docs\phix\images\imglib\Icons\Windows_32x32\Script.png
docs\phix\images\imglib\Icons\Windows_32x32\Settings.png
docs\phix\images\imglib\Icons\Windows_32x32\Speaker.png
docs\phix\images\imglib\Icons\Windows_32x32\StopWatch.png
docs\phix\images\imglib\Icons\Windows_32x32\Table.png
docs\phix\images\imglib\Icons\Windows_32x32\ToolsHammer.png
docs\phix\images\imglib\Icons\Windows_32x32\ToolsPencil.png
docs\phix\images\imglib\Icons\Windows_32x32\Users.png
docs\phix\images\imglib\Icons\Windows_32x32\Video.png
docs\phix\images\imglib\Icons\Windows_48x48\DeviceCamera.png
docs\phix\images\imglib\Icons\Windows_48x48\DeviceCD.png
docs\phix\images\imglib\Icons\Windows_48x48\DeviceCellPhone.png
docs\phix\images\imglib\Icons\Windows_48x48\DeviceComputer.png
docs\phix\images\imglib\Icons\Windows_48x48\DeviceFax.png
docs\phix\images\imglib\Icons\Windows_48x48\DeviceHardDrive.png
docs\phix\images\imglib\Icons\Windows_48x48\DeviceMP3.png
docs\phix\images\imglib\Icons\Windows_48x48\DeviceNetwork.png
docs\phix\images\imglib\Icons\Windows_48x48\DevicePDA.png
docs\phix\images\imglib\Icons\Windows_48x48\DevicePrinter.png
docs\phix\images\imglib\Icons\Windows_48x48\DeviceScanner.png
docs\phix\images\imglib\Icons\Windows_48x48\DeviceSound.png
docs\phix\images\imglib\Icons\Windows_48x48\DeviceVideo.png
docs\phix\images\imglib\Icons\Windows_48x48\IconMessageError.png
docs\phix\images\imglib\Icons\Windows_48x48\IconMessageHelp.png
docs\phix\images\imglib\Icons\Windows_48x48\IconMessageInfo.png
docs\phix\images\imglib\Icons\Windows_48x48\IconMessageSecurity.png
docs\phix\images\imglib\Icons\Windows_48x48\IconMessageWarning.png
docs\phix\images\imglib\Logos\32x32\BR.png
docs\phix\images\imglib\Logos\32x32\Lua.png
docs\phix\images\imglib\Logos\32x32\Petrobras.png
docs\phix\images\imglib\Logos\32x32\PUC-Rio.png
docs\phix\images\imglib\Logos\32x32\Tecgraf.png
docs\phix\images\imglib\Logos\32x32\TecgrafPUC-Rio.png
docs\phix\images\imglib\Logos\48x48\BR.png
docs\phix\images\imglib\Logos\48x48\Lua.png
docs\phix\images\imglib\Logos\48x48\Petrobras.png
docs\phix\images\imglib\Logos\48x48\PUC-Rio.png
docs\phix\images\imglib\Logos\48x48\Tecgraf.png
docs\phix\images\imglib\Logos\48x48\TecgrafPUC-Rio.png
docs\phix\src\_readme.txt
docs\phix\src\banner.htm
docs\phix\src\body.htm
docs\phix\src\header.htm
docs\phix\src\index.txt
docs\phix\src\licence.htm
docs\phix\src\mt.htm
docs\phix\src\trailer.htm
docs\phix\src\toc.htm
docs\phix\src\toc.txt
docs\phix\src\phix.htm
docs\phix\src\abort.htm
docs\phix\src\abs.htm
docs\phix\src\accuracy.htm
docs\phix\src\allocate.htm
docs\phix\src\allocate_string.htm
docs\phix\src\allocate_struct.htm
docs\phix\src\allow_break.htm
docs\phix\src\and_bits.htm
docs\phix\src\any_key.htm
docs\phix\src\append.htm
docs\phix\src\arccos.htm
docs\phix\src\arcsin.htm
docs\phix\src\arctan.htm
docs\phix\src\arithops.htm
docs\phix\src\arwen.htm
docs\phix\src\arwen.Accelerator.htm
docs\phix\src\arwen.Buttons.htm
docs\phix\src\arwen.Clipboard.htm
docs\phix\src\arwen.Comm_dlg.htm
docs\phix\src\arwen.Create.htm
docs\phix\src\arwen.Destroy.htm
docs\phix\src\arwen.Dib_bitmap.htm
docs\phix\src\arwen.DibSections.htm
docs\phix\src\arwen.Editable.htm
docs\phix\src\arwen.Events.htm
docs\phix\src\arwen.Groups.htm
docs\phix\src\arwen.Hypertext.htm
docs\phix\src\arwen.Icon_cursor.htm
docs\phix\src\arwen.Introduction.htm
docs\phix\src\arwen.Labels.htm
docs\phix\src\arwen.Listcontrols.htm
docs\phix\src\arwen.Markboxes.htm
docs\phix\src\arwen.Menus.htm
docs\phix\src\arwen.Mouse.htm
docs\phix\src\arwen.Progressbars.htm
docs\phix\src\arwen.Scrollbars.htm
docs\phix\src\arwen.Statusbars.htm
docs\phix\src\arwen.Structures.htm
docs\phix\src\arwen.Tabbing.htm
docs\phix\src\arwen.Tabcontrols.htm
docs\phix\src\arwen.Timers.htm
docs\phix\src\arwen.Toolbars.htm
docs\phix\src\arwen.Trackbars.htm
docs\phix\src\arwen.Window_msg.htm
docs\phix\src\arwen.Windows.htm
docs\phix\src\assignment.htm
docs\phix\src\assignop.htm
docs\phix\src\atom.htm
docs\phix\src\atoms.htm
docs\phix\src\atom_to_float32.htm
docs\phix\src\atom_to_float64.htm
docs\phix\src\bitlog.htm
docs\phix\src\bits_to_int.htm
docs\phix\src\bk_color.htm
docs\phix\src\bytes_to_int.htm
docs\phix\src\c_func.htm
docs\phix\src\c_proc.htm
docs\phix\src\call.htm
docs\phix\src\call_back.htm
docs\phix\src\call_func.htm
docs\phix\src\call_proc.htm
docs\phix\src\callproc.htm
docs\phix\src\ccall.htm
docs\phix\src\cffi.htm
docs\phix\src\cgraphics.htm
docs\phix\src\chdir.htm
docs\phix\src\check_break.htm
docs\phix\src\check_free_list.htm
docs\phix\src\clear_screen.htm
docs\phix\src\close.htm
docs\phix\src\columnize.htm
docs\phix\src\command_line.htm
docs\phix\src\comments.htm
docs\phix\src\compare.htm
docs\phix\src\concatenation.htm
docs\phix\src\constants.htm
docs\phix\src\cos.htm
docs\phix\src\cpath.htm
docs\phix\src\crash.htm
docs\phix\src\crash_file.htm
docs\phix\src\crash_message.htm
docs\phix\src\current_dir.htm
docs\phix\src\cursor.htm
docs\phix\src\custom_sort.htm
docs\phix\src\database.htm
docs\phix\src\date.htm
docs\phix\src\day_of_week.htm
docs\phix\src\day_of_year.htm
docs\phix\src\db_close.htm
docs\phix\src\db_compress.htm
docs\phix\src\db_create.htm
docs\phix\src\db_create_table.htm
docs\phix\src\db_delete_record.htm
docs\phix\src\db_delete_table.htm
docs\phix\src\db_dump.htm
docs\phix\src\db_fatal_id.htm
docs\phix\src\db_find_key.htm
docs\phix\src\db_insert.htm
docs\phix\src\db_open.htm
docs\phix\src\db_record_data.htm
docs\phix\src\db_record_key.htm
docs\phix\src\db_rename_table.htm
docs\phix\src\db_replace_data.htm
docs\phix\src\db_select.htm
docs\phix\src\db_select_table.htm
docs\phix\src\db_table_list.htm
docs\phix\src\db_table_size.htm
docs\phix\src\dcall.htm
docs\phix\src\debug.htm
docs\phix\src\debugging.htm
docs\phix\src\declarations.htm
docs\phix\src\decode_flags.htm
docs\phix\src\define_c_func.htm
docs\phix\src\define_c_proc.htm
docs\phix\src\define_c_var.htm
docs\phix\src\define_struct.htm
docs\phix\src\delete.htm
docs\phix\src\delete_cs.htm
docs\phix\src\delete_routine.htm
docs\phix\src\dir.htm
docs\phix\src\display_text_image.htm
docs\phix\src\elapsed.htm
docs\phix\src\enter_cs.htm
docs\phix\src\equal.htm
docs\phix\src\eucompat.htm
docs\phix\src\example.htm
docs\phix\src\exit.htm
docs\phix\src\explicitdiscard.htm
docs\phix\src\expressions.htm
docs\phix\src\factors.htm
docs\phix\src\fileio.htm
docs\phix\src\find.htm
docs\phix\src\find_any.htm
docs\phix\src\find_replace.htm
docs\phix\src\flatten.htm
docs\phix\src\float32_to_atom.htm
docs\phix\src\float64_to_atom.htm
docs\phix\src\floor.htm
docs\phix\src\flush.htm
docs\phix\src\for.htm
docs\phix\src\format.htm
docs\phix\src\free.htm
docs\phix\src\free_console.htm
docs\phix\src\functions.htm
docs\phix\src\get.htm
docs\phix\src\get_bytes.htm
docs\phix\src\get_key.htm
docs\phix\src\get_position.htm
docs\phix\src\get_proper_dir.htm
docs\phix\src\get_proper_path.htm
docs\phix\src\get_screen_char.htm
docs\phix\src\get_text.htm
docs\phix\src\getc.htm
docs\phix\src\getenv.htm
docs\phix\src\gets.htm
docs\phix\src\glossary.htm
docs\phix\src\head.htm
docs\phix\src\if.htm
docs\phix\src\include.htm
docs\phix\src\include_paths.htm
docs\phix\src\init_cs.htm
docs\phix\src\insert.htm
docs\phix\src\installation.htm
docs\phix\src\instance.htm
docs\phix\src\int_to_bits.htm
docs\phix\src\int_to_bytes.htm
docs\phix\src\integer.htm
docs\phix\src\internals.htm
docs\phix\src\is_leap_year.htm
docs\phix\src\join.htm
docs\phix\src\language.htm
docs\phix\src\leave_cs.htm
docs\phix\src\length.htm
docs\phix\src\library.htm
docs\phix\src\lock_file.htm
docs\phix\src\log.htm
docs\phix\src\logicops.htm
docs\phix\src\lower.htm
docs\phix\src\lowlevel.htm
docs\phix\src\machine.htm
docs\phix\src\machine_bits.htm
docs\phix\src\match.htm
docs\phix\src\math.htm
docs\phix\src\max.htm
docs\phix\src\mem_copy.htm
docs\phix\src\mem_set.htm
docs\phix\src\message_box.htm
docs\phix\src\min.htm
docs\phix\src\mtask.htm
docs\phix\src\mthread.htm
docs\phix\src\multiassign.htm
docs\phix\src\not_bits.htm
docs\phix\src\numberbases.htm
docs\phix\src\object.htm
docs\phix\src\open.htm
docs\phix\src\open_dll.htm
docs\phix\src\opsystem.htm
docs\phix\src\or_all.htm
docs\phix\src\or_bits.htm
docs\phix\src\otherseqops.htm
docs\phix\src\patmat.htm
docs\phix\src\peek.htm
docs\phix\src\permute.htm
docs\phix\src\perrec.htm
docs\phix\src\pFreePool.htm
docs\phix\src\pGetPool.htm
docs\phix\src\phixvscl.htm
docs\phix\src\PI.htm
docs\phix\src\platform.htm
docs\phix\src\poke.htm
docs\phix\src\position.htm
docs\phix\src\power.htm
docs\phix\src\ppp.htm
docs\phix\src\pp.htm
docs\phix\src\ppf.htm
docs\phix\src\ppOpt.htm
docs\phix\src\precedence.htm
docs\phix\src\predeftypes.htm
docs\phix\src\prepend.htm
docs\phix\src\prime_factors.htm
docs\phix\src\print.htm
docs\phix\src\printf.htm
docs\phix\src\procedures.htm
docs\phix\src\profile.htm
docs\phix\src\prompt_number.htm
docs\phix\src\prompt_string.htm
docs\phix\src\pStoreMint.htm
docs\phix\src\put_screen_char.htm
docs\phix\src\puts.htm
docs\phix\src\qu.htm
docs\phix\src\rand.htm
docs\phix\src\read_bitmap.htm
docs\phix\src\read_lines.htm
docs\phix\src\rectools.htm
docs\phix\src\register_block.htm
docs\phix\src\relops.htm
docs\phix\src\remainder.htm
docs\phix\src\remove.htm
docs\phix\src\remove_all.htm
docs\phix\src\repeat.htm
docs\phix\src\replace.htm
docs\phix\src\return.htm
docs\phix\src\reverse.htm
docs\phix\src\routine_id.htm
docs\phix\src\scroll.htm
docs\phix\src\save_bitmap.htm
docs\phix\src\save_text_image.htm
docs\phix\src\scope.htm
docs\phix\src\seek.htm
docs\phix\src\seqformation.htm
docs\phix\src\seqmanip.htm
docs\phix\src\seqops.htm
docs\phix\src\sequence.htm
docs\phix\src\sequences.htm
docs\phix\src\series.htm
docs\phix\src\set_rand.htm
docs\phix\src\set_struct_field.htm
docs\phix\src\set_system_doevents.htm
docs\phix\src\shortcircuit.htm
docs\phix\src\sin.htm
docs\phix\src\sleep.htm
docs\phix\src\slices.htm
docs\phix\src\smallest.htm
docs\phix\src\sort.htm
docs\phix\src\specialtop.htm
docs\phix\src\sprint.htm
docs\phix\src\sprintf.htm
docs\phix\src\sqrt.htm
docs\phix\src\srchsort.htm
docs\phix\src\statements.htm
docs\phix\src\string.htm
docs\phix\src\strings.htm
docs\phix\src\subscripts.htm
docs\phix\src\substitute.htm
docs\phix\src\substitute_all.htm
docs\phix\src\sum.htm
docs\phix\src\system.htm
docs\phix\src\system_exec.htm
docs\phix\src\system_open.htm
docs\phix\src\system_wait.htm
docs\phix\src\tail.htm
docs\phix\src\tan.htm
docs\phix\src\task_clock_start.htm
docs\phix\src\task_clock_stop.htm
docs\phix\src\task_create.htm
docs\phix\src\task_list.htm
docs\phix\src\task_schedule.htm
docs\phix\src\task_self.htm
docs\phix\src\task_status.htm
docs\phix\src\task_suspend.htm
docs\phix\src\task_yield.htm
docs\phix\src\text_color.htm
docs\phix\src\text_rows.htm
docs\phix\src\time.htm
docs\phix\src\trace.htm
docs\phix\src\trim.htm
docs\phix\src\try_cs.htm
docs\phix\src\types.htm
docs\phix\src\unlock_file.htm
docs\phix\src\unregister_block.htm
docs\phix\src\upper.htm
docs\phix\src\usingtypes.htm
docs\phix\src\value.htm
docs\phix\src\variables.htm
docs\phix\src\video_config.htm
docs\phix\src\vlookup.htm
docs\phix\src\wait_key.htm
docs\phix\src\walk_dir.htm
docs\phix\src\where.htm
docs\phix\src\while.htm
docs\phix\src\wildcard_file.htm
docs\phix\src\wildcard_match.htm
docs\phix\src\with.htm
docs\phix\src\wrap.htm
docs\phix\src\wrectools.htm
docs\phix\src\xor_bits.htm
docs\phix\src\timedate.htm
docs\phix\src\tdformats.htm
docs\phix\src\timedatetype.htm
docs\phix\src\timedelta.htm
docs\phix\src\set_timezone.htm
docs\phix\src\change_timezone.htm
docs\phix\src\adjust_timedate.htm
docs\phix\src\set_timedate_formats.htm
docs\phix\src\parse_date_string.htm
docs\phix\src\format_timedate.htm
docs\phix\src\override_timezone.htm
docs\phix\src\get_tzid.htm
docs\phix\src\pLoadMint.htm

docs\phix\src\pIUP.htm
docs\phix\src\iupcred.htm
docs\phix\src\iuptypes.htm
docs\phix\src\iupattr.htm
docs\phix\src\iupgattr.htm
docs\phix\src\iupelements.htm
docs\phix\src\iupctrl.htm
docs\phix\src\iupcd.htm
docs\phix\src\callbacks.htm
docs\phix\src\paranormal.htm
docs\phix\src\Icallback.htm
docs\phix\src\Ihandle.htm
docs\phix\src\nullable_string.htm
docs\phix\src\IupAlarm.htm
docs\phix\src\IupButton.htm
docs\phix\src\IupCanvas.htm
docs\phix\src\IupCbox.htm
docs\phix\src\IupClipboard.htm
docs\phix\src\IupClose.htm
docs\phix\src\IupConfig.htm
docs\phix\src\IupConfigDialogClosed.htm
docs\phix\src\IupConfigDialogShow.htm
docs\phix\src\IupConfigGetVariableIntDef.htm
docs\phix\src\IupConfigGetVariableStr.htm
docs\phix\src\IupConfigLoad.htm
docs\phix\src\IupConfigRecentInit.htm
docs\phix\src\IupConfigRecentUpdate.htm
docs\phix\src\IupConfigSave.htm
docs\phix\src\IupConfigSetVariableInt.htm
docs\phix\src\IupConfigSetVariableStr.htm
docs\phix\src\IupCopyClassAttributes.htm
docs\phix\src\IupCreate.htm
docs\phix\src\IupDestroy.htm
docs\phix\src\IupDialog.htm
docs\phix\src\IupExitLoop.htm
docs\phix\src\IupFileDlg.htm
docs\phix\src\IupFill.htm
docs\phix\src\IupFlush.htm
docs\phix\src\IupFontDlg.htm
docs\phix\src\IupFrame.htm
docs\phix\src\IupGetAllAttributes.htm
docs\phix\src\IupGetAllClasses.htm
docs\phix\src\IupGetAttribute.htm
docs\phix\src\IupGetAttributeHandle.htm
docs\phix\src\IupGetBrother.htm
docs\phix\src\IupGetCallback.htm
docs\phix\src\IupGetChild.htm
docs\phix\src\IupGetClassAttributes.htm
docs\phix\src\IupGetClassCallbacks.htm
docs\phix\src\IupGetClassName.htm
docs\phix\src\IupGetClassType.htm
docs\phix\src\IupGetColor.htm
docs\phix\src\IupGetDialog.htm
docs\phix\src\IupGetDialogChild.htm
docs\phix\src\IupGetHandle.htm
docs\phix\src\IupGetParam.htm
docs\phix\src\IupGetParent.htm
docs\phix\src\IupHbox.htm
docs\phix\src\IupHelp.htm
docs\phix\src\IupHide.htm
docs\phix\src\IupImage.htm
docs\phix\src\IupImageLibOpen.htm
docs\phix\src\IupLabel.htm
docs\phix\src\IupList.htm
docs\phix\src\IupLoadImage.htm
docs\phix\src\IupLoopStep.htm
docs\phix\src\IupMainLoop.htm
docs\phix\src\IupMainLoopLevel.htm
docs\phix\src\IupMap.htm
docs\phix\src\IupMatrix.htm
docs\phix\src\IupMatrixEx.htm
docs\phix\src\IupMenu.htm
docs\phix\src\IupMenuItem.htm
docs\phix\src\IupMessage.htm
docs\phix\src\IupMessageDlg.htm
docs\phix\src\IupOpen.htm
docs\phix\src\IupPopup.htm
docs\phix\src\IupPlayInput.htm
docs\phix\src\IupProgressBar.htm
docs\phix\src\IupRecordInput.htm
docs\phix\src\IupRedraw.htm
docs\phix\src\IupRefresh.htm
docs\phix\src\IupRefreshChildren.htm
docs\phix\src\IupResetAttribute.htm
docs\phix\src\IupSaveClassAttributes.htm
docs\phix\src\IupSeparator.htm
docs\phix\src\IupSetAttribute.htm
docs\phix\src\IupSetStrAttribute.htm
docs\phix\src\IupSetAttributes.htm
docs\phix\src\IupSetCallback.htm
docs\phix\src\IupSetClassDefaultAttribute.htm
docs\phix\src\IupSetFocus.htm
docs\phix\src\IupSetGlobal.htm
docs\phix\src\IupSetHandle.htm
docs\phix\src\IupShow.htm
docs\phix\src\IupShowXY.htm
docs\phix\src\IupSubmenu.htm
docs\phix\src\IupTabs.htm
docs\phix\src\IupText.htm
docs\phix\src\IupTimer.htm
docs\phix\src\IupToggle.htm
docs\phix\src\IupTree.htm
docs\phix\src\IupUnmap.htm
docs\phix\src\IupUpdate.htm
docs\phix\src\IupValuator.htm
docs\phix\src\IupVbox.htm
docs\phix\src\IupZbox.htm

docs\phix\src\cdCreateCanvas.htm
docs\phix\src\cdCanvasActivate.htm
docs\phix\src\cdCanvasClear.htm
docs\phix\src\cdCanvasFlush.htm
docs\phix\src\cdCanvasLineWidth.htm
docs\phix\src\cdCanvasLineStyle.htm
docs\phix\src\cdCanvasLine.htm
docs\phix\src\cdCanvasSetForeground.htm
docs\phix\src\cdCanvasGetAttribute.htm
docs\phix\src\cdCanvasSetAttribute.htm
docs\phix\src\cdCanvasGetColorPlanes.htm
docs\phix\src\cdCanvasGetContext.htm
docs\phix\src\cdCanvasGetFont.htm
docs\phix\src\cdCanvasGetFontDim.htm
docs\phix\src\cdCanvasGetImageRGB.htm
docs\phix\src\cdCanvasGetSize.htm
docs\phix\src\cdCanvasGetTextBounds.htm
docs\phix\src\cdCanvasGetTextBox.htm
docs\phix\src\cdCanvasGetTextSize.htm
docs\phix\src\cdCanvasGetVectorTextBounds.htm
docs\phix\src\cdCanvasGetVectorTextSize.htm
docs\phix\src\cdCanvasRect.htm
docs\phix\src\cdCanvasBox.htm
docs\phix\src\cdCanvasSector.htm
docs\phix\src\cdCanvasArc.htm
docs\phix\src\cdCanvasBegin.htm
docs\phix\src\cdCanvasVertex.htm
docs\phix\src\cdCanvasEnd.htm
docs\phix\src\cdCanvasFont.htm
docs\phix\src\cdCanvasVectorTextDirection.htm
docs\phix\src\cdCanvasMultiLineVectorText.htm
docs\phix\src\cdCanvasPixel.htm
docs\phix\src\cdCanvasPutImageRectRGB.htm
docs\phix\src\cdCanvasPutImImage.htm
docs\phix\src\cdCanvasTransform.htm
docs\phix\src\cdContextCaps.htm
docs\phix\src\cdEncodeColor.htm
docs\phix\src\cdGetScreenColorPlanes.htm
docs\phix\src\cdSetNativeFont.htm
docs\phix\src\cdText.htm
docs\phix\src\cdTextAlignment.htm
docs\phix\src\cdVersion.htm
docs\phix\src\cdVersionDate.htm
docs\phix\src\wdCanvasWindow.htm
docs\phix\src\wdCanvasGetWindow.htm
docs\phix\src\wdCanvasViewport.htm
docs\phix\src\wdCanvasGetViewport.htm

sfx\makesfx.exe
sfx\phix7zip.lst
sfx\phix\readme.txt
sfx\phix\Phix\*

test\t01type.exw
test\t02parms.exw
test\t03showt.exw
test\t04unary.exw
test\t05inc0.exw
test\t05inc0b.e
test\t06inc1.exw
test\t06inc1b.e
test\t07inc2.exw
test\t07inc2a.e
test\t07inc2b.e
test\t07inc2c.e
test\t07inc2d.e
test\t08inc22.exw
test\t08inc2a.e
test\t08inc2b.e
test\t08inc2c.e
test\t08inc2d.e
test\t09inc3.exw
test\t09inc31.e
test\t09inc32.e
test\t09inc3i.e
test\t09inc3j.e
test\t10inc4.exw
test\t10inc4a.e
test\t10inc4b.e
test\t10inc4c.e
test\t11inc5.exw
test\t12inc6.exw
test\t12inc6a.e
test\t12inc6b.e
test\t12inc6c.e
test\t13inc7.exw
test\t14inc8.exw
test\t15inc9.exw
test\t15inc9b.e
test\t15inc9c.e
test\t15inc9f.e
test\t16incD.exw
test\t17incV.exw
test\t18equal.exw
test\t19find.exw
test\t20cast.exw
test\t21ret1.exw
test\t22cmp.exw
test\t23subsc.exw
test\t24slice.exw
test\t25rmdr.exw
test\t26aprnd.exw
test\t27rpeat.exw
test\t28prntf.exw
test\t29for.exw
test\t30prime.exw
test\t31sce.exw
test\t32sprnt.exw
test\t33seqop.exw
test\t34andor.exw
test\t35cncat.exw
test\t36match.exw
test\t37misc.exw
test\t38bltns.exw
test\t39rndio.exw
test\t40rtnid.exw
test\t41infan.exw
test\t42cback.exw
test\t43tchk.exw
test\t44silly.exw
test\t45aod.exw
test\t46ltype.exw
test\t47ltth.exw
test\t48init.exw
test\t49ginfo.exw
test\t50gscan.exw
test\t51nstc.exw
test\t52oparm.exw
test\t53switch.exw
test\t54inc.exw
test\t54inca.e
test\t55incinc.exw
test\t56inc.exw
test\t56inca.e
test\t57masgn.exw
test\t58rtxt.exw
test\t59mri.exw
test\t60td.exw
test\t61cffi.exw
test\t96jtyp.exw
test\t97mleak.exw
test\t98locks.exw
test\t99errs.exw
test\terror.exw
test\terror.txt
test\inc5\incD.e
test\inc5\t1.e
test\inc5\t2.e
test\inc7\ALICE.E
test\inc7\BOB.E
test\inc7\CHRIS.E
test\inc7\DIANE.E
test\inc7\Eric.exw
test\inc7\once.e
test\inc8\F0.exw
test\inc8\FILE1A.E
test\inc8\FILE1B.E
test\inc8\FILE2A.E
test\inc8\FILE2B.E
test\inc8\FILE2C.E
test\inc8\t59a.e
test\inc8\t59b.e
test\swtime.exw
test\swtime2.exw
test\trace.exw

